2026-10-08 11:32:41,168 [INFO] ============================================================
2026-10-08 11:32:41,168 [INFO] STEP 1/4: Web Scraping
2026-10-08 11:32:41,168 [INFO] ============================================================
2026-10-08 11:32:41,168 [INFO] --- Starting: Scraper ---
2026-10-08 11:32:44,896 [INFO] Scraper completed in 3.73s
2026-10-08 11:32:44,896 [INFO]   Total URLs: 5
2026-10-08 11:32:44,897 [INFO]   Successful: 5
2026-10-08 11:32:44,897 [INFO]   Failed: 0
2026-10-08 11:32:44,897 [INFO]   From Cache: 0
2026-10-08 11:32:44,897 [INFO]   ==================================================
2026-10-08 11:32:44,897 [INFO]   ✓ https://groww.in/mutual-funds/hdfc-mid-cap-fund-direct-growth
2026-10-08 11:32:44,897 [INFO]     Text length: 19131 characters
2026-10-08 11:32:44,897 [INFO]   ✓ https://groww.in/mutual-funds/hdfc-equity-fund-direct-growth
2026-10-08 11:32:44,897 [INFO]     Text length: 19463 characters
2026-10-08 11:32:44,897 [INFO]   ✓ https://groww.in/mutual-funds/hdfc-focused-fund-direct-growth
2026-10-08 11:32:44,897 [INFO]     Text length: 16971 characters
2026-10-08 11:32:44,897 [INFO]   ✓ https://groww.in/mutual-funds/hdfc-elss-tax-saver-fund-direct-plan-growth
2026-10-08 11:32:44,897 [INFO]     Text length: 17792 characters
2026-10-08 11:32:44,897 [INFO]   ✓ https://groww.in/mutual-funds/hdfc-large-cap-fund-direct-growth
2026-10-08 11:32:44,897 [INFO]     Text length: 17614 characters
2026-10-08 11:32:44,897 [INFO] ============================================================
2026-10-08 11:32:44,897 [INFO] STEP 2/4: Content Extraction
2026-10-08 11:32:44,897 [INFO] ============================================================
2026-10-08 11:32:44,897 [INFO] --- Starting: Content Extraction ---
2026-10-08 11:32:45,426 [INFO] Content Extraction completed in 0.53s
2026-10-08 11:32:45,426 [INFO]     Saved: hdfc_focused_fund_direct_growth.json
2026-10-08 11:32:45,426 [INFO]     Size: 3083 characters
2026-10-08 11:32:45,426 [INFO]   Processing: hdfc_mid_cap_fund_direct_growth.html
2026-10-08 11:32:45,426 [INFO]     Saved: hdfc_mid_cap_fund_direct_growth.json
2026-10-08 11:32:45,426 [INFO]     Size: 5721 characters
2026-10-08 11:32:45,426 [INFO]   
2026-10-08 11:32:45,426 [INFO]   ============================================================
2026-10-08 11:32:45,426 [INFO]   Processing Complete
2026-10-08 11:32:45,426 [INFO]   ============================================================
2026-10-08 11:32:45,426 [INFO]   Total files processed: 5
2026-10-08 11:32:45,426 [INFO]   Total original size: 2,333,937 characters
2026-10-08 11:32:45,426 [INFO]   Total cleaned size: 23,089 characters
2026-10-08 11:32:45,426 [INFO]   Reduction: 99.0%
2026-10-08 11:32:45,426 [INFO]   
2026-10-08 11:32:45,426 [INFO]   Extracted JSON files saved to: /home/runner/work/m2-mutualFunds-RAGchatbot/m2-mutualFunds-RAGchatbot/phase_2/scraped-data/extracted_json
2026-10-08 11:32:45,426 [INFO] ============================================================
2026-10-08 11:32:45,427 [INFO] STEP 3/4: Document Chunking
2026-10-08 11:32:45,427 [INFO] ============================================================
2026-10-08 11:32:45,427 [INFO] --- Starting: Chunking ---
2026-10-08 11:32:45,484 [INFO] Chunking completed in 0.06s
2026-10-08 11:32:45,484 [INFO]     Saved: hdfc_elss_tax_saver_fund_direct_plan_growth_chunked.json
2026-10-08 11:32:45,484 [INFO]     Chunks: 5
2026-10-08 11:32:45,484 [INFO]     Valid chunks: 0
2026-10-08 11:32:45,484 [INFO]     Avg quality: 0.80
2026-10-08 11:32:45,484 [INFO]   
2026-10-08 11:32:45,484 [INFO]   ============================================================
2026-10-08 11:32:45,484 [INFO]   Processing Complete
2026-10-08 11:32:45,484 [INFO]   ============================================================
2026-10-08 11:32:45,484 [INFO]   Total files processed: 5
2026-10-08 11:32:45,484 [INFO]   Total chunks generated: 27
2026-10-08 11:32:45,484 [INFO]   Valid chunks: 1
2026-10-08 11:32:45,484 [INFO]   Invalid chunks: 26
2026-10-08 11:32:45,484 [INFO]   Average quality score: 0.81
2026-10-08 11:32:45,484 [INFO]   
2026-10-08 11:32:45,485 [INFO]   Chunked JSON files saved to: /home/runner/work/m2-mutualFunds-RAGchatbot/m2-mutualFunds-RAGchatbot/phase_2/scraped-data/chunked_json
2026-10-08 11:32:45,485 [INFO] ============================================================
2026-10-08 11:32:45,485 [INFO] STEP 4/4: Embedding Generation
2026-10-08 11:32:45,485 [INFO] ============================================================
2026-10-08 11:32:45,485 [INFO] --- Starting: Embedding ---
2026-10-08 11:32:46,587 [INFO] Embedding completed in 1.1s
2026-10-08 11:32:46,587 [INFO]   Processing: hdfc_mid_cap_fund_direct_growth_chunked.json
2026-10-08 11:32:46,587 [INFO]     Chunks processed: 7
2026-10-08 11:32:46,587 [INFO]     Embedding dim: 384
2026-10-08 11:32:46,587 [INFO]   Processing: hdfc_equity_fund_direct_growth_chunked.json
2026-10-08 11:32:46,587 [INFO]     Chunks processed: 7
2026-10-08 11:32:46,587 [INFO]     Embedding dim: 384
2026-10-08 11:32:46,587 [INFO]   
2026-10-08 11:32:46,587 [INFO]   ============================================================
2026-10-08 11:32:46,587 [INFO]   Processing Complete
2026-10-08 11:32:46,588 [INFO]   ============================================================
2026-10-08 11:32:46,588 [INFO]   Files processed: 5
2026-10-08 11:32:46,588 [INFO]   Total chunks indexed: 27
2026-10-08 11:32:46,588 [INFO]   Total vectors in DB: 29
2026-10-08 11:32:46,588 [INFO]   
2026-10-08 11:32:46,588 [INFO]   Vector database saved to: /home/runner/work/m2-mutualFunds-RAGchatbot/m2-mutualFunds-RAGchatbot/phase_3/vector_db
2026-10-08 11:32:46,588 [INFO] Report saved to /home/runner/work/m2-mutualFunds-RAGchatbot/m2-mutualFunds-RAGchatbot/logs/scheduler_report.json
2026-10-08 11:32:46,588 [INFO] ============================================================
2026-10-08 11:32:46,588 [INFO] ALL STEPS COMPLETE
2026-10-08 11:32:46,588 [INFO] ============================================================
