2026-09-06 08:47:46,108 [INFO] ============================================================
2026-09-06 08:47:46,108 [INFO] STEP 1/4: Web Scraping
2026-09-06 08:47:46,108 [INFO] ============================================================
2026-09-06 08:47:46,108 [INFO] --- Starting: Scraper ---
2026-09-06 08:47:49,150 [INFO] Scraper completed in 3.04s
2026-09-06 08:47:49,150 [INFO]   Total URLs: 5
2026-09-06 08:47:49,150 [INFO]   Successful: 5
2026-09-06 08:47:49,150 [INFO]   Failed: 0
2026-09-06 08:47:49,150 [INFO]   From Cache: 0
2026-09-06 08:47:49,150 [INFO]   ==================================================
2026-09-06 08:47:49,150 [INFO]   ✓ https://groww.in/mutual-funds/hdfc-mid-cap-fund-direct-growth
2026-09-06 08:47:49,150 [INFO]     Text length: 19171 characters
2026-09-06 08:47:49,150 [INFO]   ✓ https://groww.in/mutual-funds/hdfc-equity-fund-direct-growth
2026-09-06 08:47:49,150 [INFO]     Text length: 19308 characters
2026-09-06 08:47:49,150 [INFO]   ✓ https://groww.in/mutual-funds/hdfc-focused-fund-direct-growth
2026-09-06 08:47:49,150 [INFO]     Text length: 17023 characters
2026-09-06 08:47:49,150 [INFO]   ✓ https://groww.in/mutual-funds/hdfc-elss-tax-saver-fund-direct-plan-growth
2026-09-06 08:47:49,150 [INFO]     Text length: 17851 characters
2026-09-06 08:47:49,150 [INFO]   ✓ https://groww.in/mutual-funds/hdfc-large-cap-fund-direct-growth
2026-09-06 08:47:49,150 [INFO]     Text length: 17556 characters
2026-09-06 08:47:49,151 [INFO] ============================================================
2026-09-06 08:47:49,151 [INFO] STEP 2/4: Content Extraction
2026-09-06 08:47:49,151 [INFO] ============================================================
2026-09-06 08:47:49,151 [INFO] --- Starting: Content Extraction ---
2026-09-06 08:47:49,646 [INFO] Content Extraction completed in 0.5s
2026-09-06 08:47:49,646 [INFO]     Saved: hdfc_mid_cap_fund_direct_growth.json
2026-09-06 08:47:49,646 [INFO]     Size: 5722 characters
2026-09-06 08:47:49,646 [INFO]   Processing: hdfc_large_cap_fund_direct_growth.html
2026-09-06 08:47:49,646 [INFO]     Saved: hdfc_large_cap_fund_direct_growth.json
2026-09-06 08:47:49,646 [INFO]     Size: 3832 characters
2026-09-06 08:47:49,646 [INFO]   
2026-09-06 08:47:49,646 [INFO]   ============================================================
2026-09-06 08:47:49,646 [INFO]   Processing Complete
2026-09-06 08:47:49,646 [INFO]   ============================================================
2026-09-06 08:47:49,646 [INFO]   Total files processed: 5
2026-09-06 08:47:49,647 [INFO]   Total original size: 2,122,762 characters
2026-09-06 08:47:49,647 [INFO]   Total cleaned size: 22,990 characters
2026-09-06 08:47:49,647 [INFO]   Reduction: 98.9%
2026-09-06 08:47:49,647 [INFO]   
2026-09-06 08:47:49,647 [INFO]   Extracted JSON files saved to: /home/runner/work/m2-mutualFunds-RAGchatbot/m2-mutualFunds-RAGchatbot/phase_2/scraped-data/extracted_json
2026-09-06 08:47:49,647 [INFO] ============================================================
2026-09-06 08:47:49,647 [INFO] STEP 3/4: Document Chunking
2026-09-06 08:47:49,647 [INFO] ============================================================
2026-09-06 08:47:49,647 [INFO] --- Starting: Chunking ---
2026-09-06 08:47:49,700 [INFO] Chunking completed in 0.05s
2026-09-06 08:47:49,700 [INFO]     Saved: hdfc_elss_tax_saver_fund_direct_plan_growth_chunked.json
2026-09-06 08:47:49,700 [INFO]     Chunks: 6
2026-09-06 08:47:49,700 [INFO]     Valid chunks: 0
2026-09-06 08:47:49,700 [INFO]     Avg quality: 0.80
2026-09-06 08:47:49,700 [INFO]   
2026-09-06 08:47:49,700 [INFO]   ============================================================
2026-09-06 08:47:49,700 [INFO]   Processing Complete
2026-09-06 08:47:49,700 [INFO]   ============================================================
2026-09-06 08:47:49,700 [INFO]   Total files processed: 5
2026-09-06 08:47:49,700 [INFO]   Total chunks generated: 29
2026-09-06 08:47:49,700 [INFO]   Valid chunks: 1
2026-09-06 08:47:49,701 [INFO]   Invalid chunks: 28
2026-09-06 08:47:49,701 [INFO]   Average quality score: 0.81
2026-09-06 08:47:49,701 [INFO]   
2026-09-06 08:47:49,701 [INFO]   Chunked JSON files saved to: /home/runner/work/m2-mutualFunds-RAGchatbot/m2-mutualFunds-RAGchatbot/phase_2/scraped-data/chunked_json
2026-09-06 08:47:49,701 [INFO] ============================================================
2026-09-06 08:47:49,701 [INFO] STEP 4/4: Embedding Generation
2026-09-06 08:47:49,701 [INFO] ============================================================
2026-09-06 08:47:49,701 [INFO] --- Starting: Embedding ---
2026-09-06 08:47:50,885 [INFO] Embedding completed in 1.18s
2026-09-06 08:47:50,885 [INFO]   Processing: hdfc_elss_tax_saver_fund_direct_plan_growth_chunked.json
2026-09-06 08:47:50,885 [INFO]     Chunks processed: 6
2026-09-06 08:47:50,885 [INFO]     Embedding dim: 384
2026-09-06 08:47:50,885 [INFO]   Processing: hdfc_equity_fund_direct_growth_chunked.json
2026-09-06 08:47:50,885 [INFO]     Chunks processed: 7
2026-09-06 08:47:50,885 [INFO]     Embedding dim: 384
2026-09-06 08:47:50,885 [INFO]   
2026-09-06 08:47:50,885 [INFO]   ============================================================
2026-09-06 08:47:50,885 [INFO]   Processing Complete
2026-09-06 08:47:50,885 [INFO]   ============================================================
2026-09-06 08:47:50,885 [INFO]   Files processed: 5
2026-09-06 08:47:50,885 [INFO]   Total chunks indexed: 29
2026-09-06 08:47:50,885 [INFO]   Total vectors in DB: 29
2026-09-06 08:47:50,885 [INFO]   
2026-09-06 08:47:50,885 [INFO]   Vector database saved to: /home/runner/work/m2-mutualFunds-RAGchatbot/m2-mutualFunds-RAGchatbot/phase_3/vector_db
2026-09-06 08:47:50,886 [INFO] Report saved to /home/runner/work/m2-mutualFunds-RAGchatbot/m2-mutualFunds-RAGchatbot/logs/scheduler_report.json
2026-09-06 08:47:50,886 [INFO] ============================================================
2026-09-06 08:47:50,886 [INFO] ALL STEPS COMPLETE
2026-09-06 08:47:50,886 [INFO] ============================================================
