2026-08-12 05:54:52,813 [INFO] ============================================================
2026-08-12 05:54:52,814 [INFO] STEP 1/4: Web Scraping
2026-08-12 05:54:52,814 [INFO] ============================================================
2026-08-12 05:54:52,814 [INFO] --- Starting: Scraper ---
2026-08-12 05:54:56,333 [INFO] Scraper completed in 3.52s
2026-08-12 05:54:56,333 [INFO]   Total URLs: 5
2026-08-12 05:54:56,333 [INFO]   Successful: 5
2026-08-12 05:54:56,333 [INFO]   Failed: 0
2026-08-12 05:54:56,334 [INFO]   From Cache: 0
2026-08-12 05:54:56,334 [INFO]   ==================================================
2026-08-12 05:54:56,334 [INFO]   ✓ https://groww.in/mutual-funds/hdfc-mid-cap-fund-direct-growth
2026-08-12 05:54:56,334 [INFO]     Text length: 18960 characters
2026-08-12 05:54:56,334 [INFO]   ✓ https://groww.in/mutual-funds/hdfc-equity-fund-direct-growth
2026-08-12 05:54:56,334 [INFO]     Text length: 19146 characters
2026-08-12 05:54:56,334 [INFO]   ✓ https://groww.in/mutual-funds/hdfc-focused-fund-direct-growth
2026-08-12 05:54:56,334 [INFO]     Text length: 17153 characters
2026-08-12 05:54:56,334 [INFO]   ✓ https://groww.in/mutual-funds/hdfc-elss-tax-saver-fund-direct-plan-growth
2026-08-12 05:54:56,334 [INFO]     Text length: 18169 characters
2026-08-12 05:54:56,334 [INFO]   ✓ https://groww.in/mutual-funds/hdfc-large-cap-fund-direct-growth
2026-08-12 05:54:56,334 [INFO]     Text length: 17634 characters
2026-08-12 05:54:56,334 [INFO] ============================================================
2026-08-12 05:54:56,334 [INFO] STEP 2/4: Content Extraction
2026-08-12 05:54:56,334 [INFO] ============================================================
2026-08-12 05:54:56,334 [INFO] --- Starting: Content Extraction ---
2026-08-12 05:54:56,826 [INFO] Content Extraction completed in 0.49s
2026-08-12 05:54:56,826 [INFO]     Saved: hdfc_mid_cap_fund_direct_growth.json
2026-08-12 05:54:56,826 [INFO]     Size: 5525 characters
2026-08-12 05:54:56,826 [INFO]   Processing: hdfc_elss_tax_saver_fund_direct_plan_growth.html
2026-08-12 05:54:56,826 [INFO]     Saved: hdfc_elss_tax_saver_fund_direct_plan_growth.json
2026-08-12 05:54:56,826 [INFO]     Size: 4708 characters
2026-08-12 05:54:56,826 [INFO]   
2026-08-12 05:54:56,826 [INFO]   ============================================================
2026-08-12 05:54:56,826 [INFO]   Processing Complete
2026-08-12 05:54:56,826 [INFO]   ============================================================
2026-08-12 05:54:56,827 [INFO]   Total files processed: 5
2026-08-12 05:54:56,827 [INFO]   Total original size: 1,967,937 characters
2026-08-12 05:54:56,827 [INFO]   Total cleaned size: 22,831 characters
2026-08-12 05:54:56,827 [INFO]   Reduction: 98.8%
2026-08-12 05:54:56,827 [INFO]   
2026-08-12 05:54:56,827 [INFO]   Extracted JSON files saved to: /home/runner/work/m2-mutualFunds-RAGchatbot/m2-mutualFunds-RAGchatbot/phase_2/scraped-data/extracted_json
2026-08-12 05:54:56,827 [INFO] ============================================================
2026-08-12 05:54:56,827 [INFO] STEP 3/4: Document Chunking
2026-08-12 05:54:56,827 [INFO] ============================================================
2026-08-12 05:54:56,827 [INFO] --- Starting: Chunking ---
2026-08-12 05:54:56,883 [INFO] Chunking completed in 0.06s
2026-08-12 05:54:56,883 [INFO]     Saved: hdfc_large_cap_fund_direct_growth_chunked.json
2026-08-12 05:54:56,884 [INFO]     Chunks: 4
2026-08-12 05:54:56,884 [INFO]     Valid chunks: 0
2026-08-12 05:54:56,884 [INFO]     Avg quality: 0.80
2026-08-12 05:54:56,884 [INFO]   
2026-08-12 05:54:56,884 [INFO]   ============================================================
2026-08-12 05:54:56,884 [INFO]   Processing Complete
2026-08-12 05:54:56,884 [INFO]   ============================================================
2026-08-12 05:54:56,884 [INFO]   Total files processed: 5
2026-08-12 05:54:56,884 [INFO]   Total chunks generated: 28
2026-08-12 05:54:56,884 [INFO]   Valid chunks: 1
2026-08-12 05:54:56,884 [INFO]   Invalid chunks: 27
2026-08-12 05:54:56,884 [INFO]   Average quality score: 0.81
2026-08-12 05:54:56,884 [INFO]   
2026-08-12 05:54:56,884 [INFO]   Chunked JSON files saved to: /home/runner/work/m2-mutualFunds-RAGchatbot/m2-mutualFunds-RAGchatbot/phase_2/scraped-data/chunked_json
2026-08-12 05:54:56,884 [INFO] ============================================================
2026-08-12 05:54:56,884 [INFO] STEP 4/4: Embedding Generation
2026-08-12 05:54:56,885 [INFO] ============================================================
2026-08-12 05:54:56,885 [INFO] --- Starting: Embedding ---
2026-08-12 05:54:58,252 [INFO] Embedding completed in 1.37s
2026-08-12 05:54:58,252 [INFO]   Processing: hdfc_elss_tax_saver_fund_direct_plan_growth_chunked.json
2026-08-12 05:54:58,252 [INFO]     Chunks processed: 6
2026-08-12 05:54:58,252 [INFO]     Embedding dim: 384
2026-08-12 05:54:58,252 [INFO]   Processing: hdfc_large_cap_fund_direct_growth_chunked.json
2026-08-12 05:54:58,252 [INFO]     Chunks processed: 4
2026-08-12 05:54:58,252 [INFO]     Embedding dim: 384
2026-08-12 05:54:58,253 [INFO]   
2026-08-12 05:54:58,253 [INFO]   ============================================================
2026-08-12 05:54:58,253 [INFO]   Processing Complete
2026-08-12 05:54:58,253 [INFO]   ============================================================
2026-08-12 05:54:58,253 [INFO]   Files processed: 5
2026-08-12 05:54:58,253 [INFO]   Total chunks indexed: 28
2026-08-12 05:54:58,253 [INFO]   Total vectors in DB: 29
2026-08-12 05:54:58,253 [INFO]   
2026-08-12 05:54:58,253 [INFO]   Vector database saved to: /home/runner/work/m2-mutualFunds-RAGchatbot/m2-mutualFunds-RAGchatbot/phase_3/vector_db
2026-08-12 05:54:58,253 [INFO] Report saved to /home/runner/work/m2-mutualFunds-RAGchatbot/m2-mutualFunds-RAGchatbot/logs/scheduler_report.json
2026-08-12 05:54:58,253 [INFO] ============================================================
2026-08-12 05:54:58,253 [INFO] ALL STEPS COMPLETE
2026-08-12 05:54:58,253 [INFO] ============================================================
