2026-08-29 11:18:51,162 [INFO] ============================================================
2026-08-29 11:18:51,162 [INFO] STEP 1/4: Web Scraping
2026-08-29 11:18:51,162 [INFO] ============================================================
2026-08-29 11:18:51,162 [INFO] --- Starting: Scraper ---
2026-08-29 11:18:53,010 [INFO] Scraper completed in 1.85s
2026-08-29 11:18:53,010 [INFO]   Total URLs: 5
2026-08-29 11:18:53,010 [INFO]   Successful: 5
2026-08-29 11:18:53,010 [INFO]   Failed: 0
2026-08-29 11:18:53,010 [INFO]   From Cache: 5
2026-08-29 11:18:53,010 [INFO]   ==================================================
2026-08-29 11:18:53,010 [INFO]   ✓ https://groww.in/mutual-funds/hdfc-mid-cap-fund-direct-growth
2026-08-29 11:18:53,010 [INFO]     Text length: 19166 characters
2026-08-29 11:18:53,010 [INFO]   ✓ https://groww.in/mutual-funds/hdfc-equity-fund-direct-growth
2026-08-29 11:18:53,010 [INFO]     Text length: 19472 characters
2026-08-29 11:18:53,010 [INFO]   ✓ https://groww.in/mutual-funds/hdfc-focused-fund-direct-growth
2026-08-29 11:18:53,010 [INFO]     Text length: 17187 characters
2026-08-29 11:18:53,010 [INFO]   ✓ https://groww.in/mutual-funds/hdfc-elss-tax-saver-fund-direct-plan-growth
2026-08-29 11:18:53,010 [INFO]     Text length: 18402 characters
2026-08-29 11:18:53,010 [INFO]   ✓ https://groww.in/mutual-funds/hdfc-large-cap-fund-direct-growth
2026-08-29 11:18:53,010 [INFO]     Text length: 17712 characters
2026-08-29 11:18:53,010 [INFO] ============================================================
2026-08-29 11:18:53,010 [INFO] STEP 2/4: Content Extraction
2026-08-29 11:18:53,010 [INFO] ============================================================
2026-08-29 11:18:53,010 [INFO] --- Starting: Content Extraction ---
2026-08-29 11:18:53,539 [INFO] Content Extraction completed in 0.53s
2026-08-29 11:18:53,539 [INFO]     Saved: hdfc_focused_fund_direct_growth.json
2026-08-29 11:18:53,539 [INFO]     Size: 3106 characters
2026-08-29 11:18:53,540 [INFO]   Processing: hdfc_elss_tax_saver_fund_direct_plan_growth.html
2026-08-29 11:18:53,540 [INFO]     Saved: hdfc_elss_tax_saver_fund_direct_plan_growth.json
2026-08-29 11:18:53,540 [INFO]     Size: 4933 characters
2026-08-29 11:18:53,540 [INFO]   
2026-08-29 11:18:53,540 [INFO]   ============================================================
2026-08-29 11:18:53,540 [INFO]   Processing Complete
2026-08-29 11:18:53,540 [INFO]   ============================================================
2026-08-29 11:18:53,540 [INFO]   Total files processed: 5
2026-08-29 11:18:53,540 [INFO]   Total original size: 2,019,606 characters
2026-08-29 11:18:53,540 [INFO]   Total cleaned size: 23,456 characters
2026-08-29 11:18:53,540 [INFO]   Reduction: 98.8%
2026-08-29 11:18:53,540 [INFO]   
2026-08-29 11:18:53,540 [INFO]   Extracted JSON files saved to: /home/runner/work/m2-mutualFunds-RAGchatbot/m2-mutualFunds-RAGchatbot/phase_2/scraped-data/extracted_json
2026-08-29 11:18:53,540 [INFO] ============================================================
2026-08-29 11:18:53,540 [INFO] STEP 3/4: Document Chunking
2026-08-29 11:18:53,540 [INFO] ============================================================
2026-08-29 11:18:53,540 [INFO] --- Starting: Chunking ---
2026-08-29 11:18:53,594 [INFO] Chunking completed in 0.05s
2026-08-29 11:18:53,594 [INFO]     Saved: hdfc_mid_cap_fund_direct_growth_chunked.json
2026-08-29 11:18:53,594 [INFO]     Chunks: 7
2026-08-29 11:18:53,594 [INFO]     Valid chunks: 0
2026-08-29 11:18:53,594 [INFO]     Avg quality: 0.80
2026-08-29 11:18:53,594 [INFO]   
2026-08-29 11:18:53,594 [INFO]   ============================================================
2026-08-29 11:18:53,594 [INFO]   Processing Complete
2026-08-29 11:18:53,594 [INFO]   ============================================================
2026-08-29 11:18:53,594 [INFO]   Total files processed: 5
2026-08-29 11:18:53,594 [INFO]   Total chunks generated: 29
2026-08-29 11:18:53,594 [INFO]   Valid chunks: 1
2026-08-29 11:18:53,594 [INFO]   Invalid chunks: 28
2026-08-29 11:18:53,594 [INFO]   Average quality score: 0.81
2026-08-29 11:18:53,594 [INFO]   
2026-08-29 11:18:53,594 [INFO]   Chunked JSON files saved to: /home/runner/work/m2-mutualFunds-RAGchatbot/m2-mutualFunds-RAGchatbot/phase_2/scraped-data/chunked_json
2026-08-29 11:18:53,594 [INFO] ============================================================
2026-08-29 11:18:53,595 [INFO] STEP 4/4: Embedding Generation
2026-08-29 11:18:53,595 [INFO] ============================================================
2026-08-29 11:18:53,595 [INFO] --- Starting: Embedding ---
2026-08-29 11:18:55,069 [INFO] Embedding completed in 1.47s
2026-08-29 11:18:55,069 [INFO]   Processing: hdfc_focused_fund_direct_growth_chunked.json
2026-08-29 11:18:55,069 [INFO]     Chunks processed: 4
2026-08-29 11:18:55,069 [INFO]     Embedding dim: 384
2026-08-29 11:18:55,069 [INFO]   Processing: hdfc_equity_fund_direct_growth_chunked.json
2026-08-29 11:18:55,069 [INFO]     Chunks processed: 7
2026-08-29 11:18:55,069 [INFO]     Embedding dim: 384
2026-08-29 11:18:55,069 [INFO]   
2026-08-29 11:18:55,069 [INFO]   ============================================================
2026-08-29 11:18:55,069 [INFO]   Processing Complete
2026-08-29 11:18:55,069 [INFO]   ============================================================
2026-08-29 11:18:55,069 [INFO]   Files processed: 5
2026-08-29 11:18:55,069 [INFO]   Total chunks indexed: 29
2026-08-29 11:18:55,069 [INFO]   Total vectors in DB: 29
2026-08-29 11:18:55,070 [INFO]   
2026-08-29 11:18:55,070 [INFO]   Vector database saved to: /home/runner/work/m2-mutualFunds-RAGchatbot/m2-mutualFunds-RAGchatbot/phase_3/vector_db
2026-08-29 11:18:55,070 [INFO] Report saved to /home/runner/work/m2-mutualFunds-RAGchatbot/m2-mutualFunds-RAGchatbot/logs/scheduler_report.json
2026-08-29 11:18:55,070 [INFO] ============================================================
2026-08-29 11:18:55,070 [INFO] ALL STEPS COMPLETE
2026-08-29 11:18:55,070 [INFO] ============================================================
