2026-10-01 11:07:10,636 [INFO] ============================================================
2026-10-01 11:07:10,637 [INFO] STEP 1/4: Web Scraping
2026-10-01 11:07:10,637 [INFO] ============================================================
2026-10-01 11:07:10,637 [INFO] --- Starting: Scraper ---
2026-10-01 11:07:12,728 [INFO] Scraper completed in 2.09s
2026-10-01 11:07:12,728 [INFO]   Total URLs: 5
2026-10-01 11:07:12,728 [INFO]   Successful: 5
2026-10-01 11:07:12,728 [INFO]   Failed: 0
2026-10-01 11:07:12,728 [INFO]   From Cache: 0
2026-10-01 11:07:12,728 [INFO]   ==================================================
2026-10-01 11:07:12,728 [INFO]   ✓ https://groww.in/mutual-funds/hdfc-mid-cap-fund-direct-growth
2026-10-01 11:07:12,728 [INFO]     Text length: 19133 characters
2026-10-01 11:07:12,728 [INFO]   ✓ https://groww.in/mutual-funds/hdfc-equity-fund-direct-growth
2026-10-01 11:07:12,728 [INFO]     Text length: 19464 characters
2026-10-01 11:07:12,728 [INFO]   ✓ https://groww.in/mutual-funds/hdfc-focused-fund-direct-growth
2026-10-01 11:07:12,728 [INFO]     Text length: 16972 characters
2026-10-01 11:07:12,728 [INFO]   ✓ https://groww.in/mutual-funds/hdfc-elss-tax-saver-fund-direct-plan-growth
2026-10-01 11:07:12,728 [INFO]     Text length: 17793 characters
2026-10-01 11:07:12,728 [INFO]   ✓ https://groww.in/mutual-funds/hdfc-large-cap-fund-direct-growth
2026-10-01 11:07:12,728 [INFO]     Text length: 17614 characters
2026-10-01 11:07:12,728 [INFO] ============================================================
2026-10-01 11:07:12,728 [INFO] STEP 2/4: Content Extraction
2026-10-01 11:07:12,729 [INFO] ============================================================
2026-10-01 11:07:12,729 [INFO] --- Starting: Content Extraction ---
2026-10-01 11:07:13,234 [INFO] Content Extraction completed in 0.51s
2026-10-01 11:07:13,235 [INFO]     Saved: hdfc_focused_fund_direct_growth.json
2026-10-01 11:07:13,235 [INFO]     Size: 3084 characters
2026-10-01 11:07:13,235 [INFO]   Processing: hdfc_mid_cap_fund_direct_growth.html
2026-10-01 11:07:13,235 [INFO]     Saved: hdfc_mid_cap_fund_direct_growth.json
2026-10-01 11:07:13,235 [INFO]     Size: 5723 characters
2026-10-01 11:07:13,235 [INFO]   
2026-10-01 11:07:13,235 [INFO]   ============================================================
2026-10-01 11:07:13,235 [INFO]   Processing Complete
2026-10-01 11:07:13,235 [INFO]   ============================================================
2026-10-01 11:07:13,235 [INFO]   Total files processed: 5
2026-10-01 11:07:13,235 [INFO]   Total original size: 2,327,360 characters
2026-10-01 11:07:13,235 [INFO]   Total cleaned size: 23,094 characters
2026-10-01 11:07:13,235 [INFO]   Reduction: 99.0%
2026-10-01 11:07:13,235 [INFO]   
2026-10-01 11:07:13,235 [INFO]   Extracted JSON files saved to: /home/runner/work/m2-mutualFunds-RAGchatbot/m2-mutualFunds-RAGchatbot/phase_2/scraped-data/extracted_json
2026-10-01 11:07:13,235 [INFO] ============================================================
2026-10-01 11:07:13,235 [INFO] STEP 3/4: Document Chunking
2026-10-01 11:07:13,235 [INFO] ============================================================
2026-10-01 11:07:13,235 [INFO] --- Starting: Chunking ---
2026-10-01 11:07:13,290 [INFO] Chunking completed in 0.05s
2026-10-01 11:07:13,290 [INFO]     Saved: hdfc_elss_tax_saver_fund_direct_plan_growth_chunked.json
2026-10-01 11:07:13,290 [INFO]     Chunks: 5
2026-10-01 11:07:13,290 [INFO]     Valid chunks: 0
2026-10-01 11:07:13,290 [INFO]     Avg quality: 0.80
2026-10-01 11:07:13,290 [INFO]   
2026-10-01 11:07:13,290 [INFO]   ============================================================
2026-10-01 11:07:13,290 [INFO]   Processing Complete
2026-10-01 11:07:13,290 [INFO]   ============================================================
2026-10-01 11:07:13,290 [INFO]   Total files processed: 5
2026-10-01 11:07:13,290 [INFO]   Total chunks generated: 27
2026-10-01 11:07:13,290 [INFO]   Valid chunks: 1
2026-10-01 11:07:13,291 [INFO]   Invalid chunks: 26
2026-10-01 11:07:13,291 [INFO]   Average quality score: 0.81
2026-10-01 11:07:13,291 [INFO]   
2026-10-01 11:07:13,291 [INFO]   Chunked JSON files saved to: /home/runner/work/m2-mutualFunds-RAGchatbot/m2-mutualFunds-RAGchatbot/phase_2/scraped-data/chunked_json
2026-10-01 11:07:13,291 [INFO] ============================================================
2026-10-01 11:07:13,291 [INFO] STEP 4/4: Embedding Generation
2026-10-01 11:07:13,291 [INFO] ============================================================
2026-10-01 11:07:13,291 [INFO] --- Starting: Embedding ---
2026-10-01 11:07:14,605 [INFO] Embedding completed in 1.31s
2026-10-01 11:07:14,605 [INFO]   Processing: hdfc_mid_cap_fund_direct_growth_chunked.json
2026-10-01 11:07:14,606 [INFO]     Chunks processed: 7
2026-10-01 11:07:14,606 [INFO]     Embedding dim: 384
2026-10-01 11:07:14,606 [INFO]   Processing: hdfc_equity_fund_direct_growth_chunked.json
2026-10-01 11:07:14,606 [INFO]     Chunks processed: 7
2026-10-01 11:07:14,606 [INFO]     Embedding dim: 384
2026-10-01 11:07:14,606 [INFO]   
2026-10-01 11:07:14,606 [INFO]   ============================================================
2026-10-01 11:07:14,606 [INFO]   Processing Complete
2026-10-01 11:07:14,606 [INFO]   ============================================================
2026-10-01 11:07:14,606 [INFO]   Files processed: 5
2026-10-01 11:07:14,606 [INFO]   Total chunks indexed: 27
2026-10-01 11:07:14,606 [INFO]   Total vectors in DB: 29
2026-10-01 11:07:14,606 [INFO]   
2026-10-01 11:07:14,606 [INFO]   Vector database saved to: /home/runner/work/m2-mutualFunds-RAGchatbot/m2-mutualFunds-RAGchatbot/phase_3/vector_db
2026-10-01 11:07:14,607 [INFO] Report saved to /home/runner/work/m2-mutualFunds-RAGchatbot/m2-mutualFunds-RAGchatbot/logs/scheduler_report.json
2026-10-01 11:07:14,607 [INFO] ============================================================
2026-10-01 11:07:14,607 [INFO] ALL STEPS COMPLETE
2026-10-01 11:07:14,607 [INFO] ============================================================
