2026-08-08 05:16:24,192 [INFO] ============================================================
2026-08-08 05:16:24,192 [INFO] STEP 1/4: Web Scraping
2026-08-08 05:16:24,192 [INFO] ============================================================
2026-08-08 05:16:24,192 [INFO] --- Starting: Scraper ---
2026-08-08 05:16:26,975 [INFO] Scraper completed in 2.78s
2026-08-08 05:16:26,975 [INFO]   Total URLs: 5
2026-08-08 05:16:26,975 [INFO]   Successful: 5
2026-08-08 05:16:26,975 [INFO]   Failed: 0
2026-08-08 05:16:26,975 [INFO]   From Cache: 0
2026-08-08 05:16:26,975 [INFO]   ==================================================
2026-08-08 05:16:26,975 [INFO]   ✓ https://groww.in/mutual-funds/hdfc-mid-cap-fund-direct-growth
2026-08-08 05:16:26,975 [INFO]     Text length: 18954 characters
2026-08-08 05:16:26,975 [INFO]   ✓ https://groww.in/mutual-funds/hdfc-equity-fund-direct-growth
2026-08-08 05:16:26,975 [INFO]     Text length: 19140 characters
2026-08-08 05:16:26,975 [INFO]   ✓ https://groww.in/mutual-funds/hdfc-focused-fund-direct-growth
2026-08-08 05:16:26,975 [INFO]     Text length: 17147 characters
2026-08-08 05:16:26,975 [INFO]   ✓ https://groww.in/mutual-funds/hdfc-elss-tax-saver-fund-direct-plan-growth
2026-08-08 05:16:26,975 [INFO]     Text length: 18163 characters
2026-08-08 05:16:26,975 [INFO]   ✓ https://groww.in/mutual-funds/hdfc-large-cap-fund-direct-growth
2026-08-08 05:16:26,975 [INFO]     Text length: 17628 characters
2026-08-08 05:16:26,975 [INFO] ============================================================
2026-08-08 05:16:26,976 [INFO] STEP 2/4: Content Extraction
2026-08-08 05:16:26,976 [INFO] ============================================================
2026-08-08 05:16:26,976 [INFO] --- Starting: Content Extraction ---
2026-08-08 05:16:27,390 [INFO] Content Extraction completed in 0.41s
2026-08-08 05:16:27,390 [INFO]     Saved: hdfc_mid_cap_fund_direct_growth.json
2026-08-08 05:16:27,390 [INFO]     Size: 5525 characters
2026-08-08 05:16:27,390 [INFO]   Processing: hdfc_elss_tax_saver_fund_direct_plan_growth.html
2026-08-08 05:16:27,390 [INFO]     Saved: hdfc_elss_tax_saver_fund_direct_plan_growth.json
2026-08-08 05:16:27,390 [INFO]     Size: 4708 characters
2026-08-08 05:16:27,390 [INFO]   
2026-08-08 05:16:27,390 [INFO]   ============================================================
2026-08-08 05:16:27,390 [INFO]   Processing Complete
2026-08-08 05:16:27,390 [INFO]   ============================================================
2026-08-08 05:16:27,390 [INFO]   Total files processed: 5
2026-08-08 05:16:27,390 [INFO]   Total original size: 1,967,197 characters
2026-08-08 05:16:27,390 [INFO]   Total cleaned size: 22,831 characters
2026-08-08 05:16:27,390 [INFO]   Reduction: 98.8%
2026-08-08 05:16:27,390 [INFO]   
2026-08-08 05:16:27,390 [INFO]   Extracted JSON files saved to: /home/runner/work/m2-mutualFunds-RAGchatbot/m2-mutualFunds-RAGchatbot/phase_2/scraped-data/extracted_json
2026-08-08 05:16:27,390 [INFO] ============================================================
2026-08-08 05:16:27,390 [INFO] STEP 3/4: Document Chunking
2026-08-08 05:16:27,390 [INFO] ============================================================
2026-08-08 05:16:27,390 [INFO] --- Starting: Chunking ---
2026-08-08 05:16:27,448 [INFO] Chunking completed in 0.06s
2026-08-08 05:16:27,448 [INFO]     Saved: hdfc_large_cap_fund_direct_growth_chunked.json
2026-08-08 05:16:27,448 [INFO]     Chunks: 4
2026-08-08 05:16:27,448 [INFO]     Valid chunks: 0
2026-08-08 05:16:27,448 [INFO]     Avg quality: 0.80
2026-08-08 05:16:27,448 [INFO]   
2026-08-08 05:16:27,448 [INFO]   ============================================================
2026-08-08 05:16:27,448 [INFO]   Processing Complete
2026-08-08 05:16:27,448 [INFO]   ============================================================
2026-08-08 05:16:27,448 [INFO]   Total files processed: 5
2026-08-08 05:16:27,448 [INFO]   Total chunks generated: 28
2026-08-08 05:16:27,449 [INFO]   Valid chunks: 1
2026-08-08 05:16:27,449 [INFO]   Invalid chunks: 27
2026-08-08 05:16:27,449 [INFO]   Average quality score: 0.81
2026-08-08 05:16:27,449 [INFO]   
2026-08-08 05:16:27,449 [INFO]   Chunked JSON files saved to: /home/runner/work/m2-mutualFunds-RAGchatbot/m2-mutualFunds-RAGchatbot/phase_2/scraped-data/chunked_json
2026-08-08 05:16:27,449 [INFO] ============================================================
2026-08-08 05:16:27,449 [INFO] STEP 4/4: Embedding Generation
2026-08-08 05:16:27,449 [INFO] ============================================================
2026-08-08 05:16:27,449 [INFO] --- Starting: Embedding ---
2026-08-08 05:16:28,497 [INFO] Embedding completed in 1.05s
2026-08-08 05:16:28,497 [INFO]   Processing: hdfc_elss_tax_saver_fund_direct_plan_growth_chunked.json
2026-08-08 05:16:28,497 [INFO]     Chunks processed: 6
2026-08-08 05:16:28,497 [INFO]     Embedding dim: 384
2026-08-08 05:16:28,497 [INFO]   Processing: hdfc_large_cap_fund_direct_growth_chunked.json
2026-08-08 05:16:28,497 [INFO]     Chunks processed: 4
2026-08-08 05:16:28,497 [INFO]     Embedding dim: 384
2026-08-08 05:16:28,497 [INFO]   
2026-08-08 05:16:28,497 [INFO]   ============================================================
2026-08-08 05:16:28,497 [INFO]   Processing Complete
2026-08-08 05:16:28,497 [INFO]   ============================================================
2026-08-08 05:16:28,497 [INFO]   Files processed: 5
2026-08-08 05:16:28,497 [INFO]   Total chunks indexed: 28
2026-08-08 05:16:28,497 [INFO]   Total vectors in DB: 29
2026-08-08 05:16:28,497 [INFO]   
2026-08-08 05:16:28,497 [INFO]   Vector database saved to: /home/runner/work/m2-mutualFunds-RAGchatbot/m2-mutualFunds-RAGchatbot/phase_3/vector_db
2026-08-08 05:16:28,498 [INFO] Report saved to /home/runner/work/m2-mutualFunds-RAGchatbot/m2-mutualFunds-RAGchatbot/logs/scheduler_report.json
2026-08-08 05:16:28,498 [INFO] ============================================================
2026-08-08 05:16:28,498 [INFO] ALL STEPS COMPLETE
2026-08-08 05:16:28,498 [INFO] ============================================================
