2026-09-29 10:51:43,114 [INFO] ============================================================
2026-09-29 10:51:43,114 [INFO] STEP 1/4: Web Scraping
2026-09-29 10:51:43,114 [INFO] ============================================================
2026-09-29 10:51:43,114 [INFO] --- Starting: Scraper ---
2026-09-29 10:51:44,958 [INFO] Scraper completed in 1.84s
2026-09-29 10:51:44,958 [INFO]   Total URLs: 5
2026-09-29 10:51:44,958 [INFO]   Successful: 5
2026-09-29 10:51:44,958 [INFO]   Failed: 0
2026-09-29 10:51:44,958 [INFO]   From Cache: 5
2026-09-29 10:51:44,958 [INFO]   ==================================================
2026-09-29 10:51:44,958 [INFO]   ✓ https://groww.in/mutual-funds/hdfc-mid-cap-fund-direct-growth
2026-09-29 10:51:44,958 [INFO]     Text length: 19113 characters
2026-09-29 10:51:44,958 [INFO]   ✓ https://groww.in/mutual-funds/hdfc-equity-fund-direct-growth
2026-09-29 10:51:44,958 [INFO]     Text length: 19445 characters
2026-09-29 10:51:44,958 [INFO]   ✓ https://groww.in/mutual-funds/hdfc-focused-fund-direct-growth
2026-09-29 10:51:44,958 [INFO]     Text length: 16953 characters
2026-09-29 10:51:44,958 [INFO]   ✓ https://groww.in/mutual-funds/hdfc-elss-tax-saver-fund-direct-plan-growth
2026-09-29 10:51:44,958 [INFO]     Text length: 17772 characters
2026-09-29 10:51:44,959 [INFO]   ✓ https://groww.in/mutual-funds/hdfc-large-cap-fund-direct-growth
2026-09-29 10:51:44,959 [INFO]     Text length: 17595 characters
2026-09-29 10:51:44,959 [INFO] ============================================================
2026-09-29 10:51:44,959 [INFO] STEP 2/4: Content Extraction
2026-09-29 10:51:44,959 [INFO] ============================================================
2026-09-29 10:51:44,959 [INFO] --- Starting: Content Extraction ---
2026-09-29 10:51:45,471 [INFO] Content Extraction completed in 0.51s
2026-09-29 10:51:45,471 [INFO]     Saved: hdfc_focused_fund_direct_growth.json
2026-09-29 10:51:45,471 [INFO]     Size: 3086 characters
2026-09-29 10:51:45,471 [INFO]   Processing: hdfc_mid_cap_fund_direct_growth.html
2026-09-29 10:51:45,471 [INFO]     Saved: hdfc_mid_cap_fund_direct_growth.json
2026-09-29 10:51:45,471 [INFO]     Size: 5722 characters
2026-09-29 10:51:45,471 [INFO]   
2026-09-29 10:51:45,471 [INFO]   ============================================================
2026-09-29 10:51:45,471 [INFO]   Processing Complete
2026-09-29 10:51:45,471 [INFO]   ============================================================
2026-09-29 10:51:45,471 [INFO]   Total files processed: 5
2026-09-29 10:51:45,471 [INFO]   Total original size: 2,326,072 characters
2026-09-29 10:51:45,471 [INFO]   Total cleaned size: 23,097 characters
2026-09-29 10:51:45,471 [INFO]   Reduction: 99.0%
2026-09-29 10:51:45,471 [INFO]   
2026-09-29 10:51:45,471 [INFO]   Extracted JSON files saved to: /home/runner/work/m2-mutualFunds-RAGchatbot/m2-mutualFunds-RAGchatbot/phase_2/scraped-data/extracted_json
2026-09-29 10:51:45,471 [INFO] ============================================================
2026-09-29 10:51:45,472 [INFO] STEP 3/4: Document Chunking
2026-09-29 10:51:45,472 [INFO] ============================================================
2026-09-29 10:51:45,472 [INFO] --- Starting: Chunking ---
2026-09-29 10:51:45,527 [INFO] Chunking completed in 0.06s
2026-09-29 10:51:45,528 [INFO]     Saved: hdfc_elss_tax_saver_fund_direct_plan_growth_chunked.json
2026-09-29 10:51:45,528 [INFO]     Chunks: 5
2026-09-29 10:51:45,528 [INFO]     Valid chunks: 0
2026-09-29 10:51:45,528 [INFO]     Avg quality: 0.80
2026-09-29 10:51:45,528 [INFO]   
2026-09-29 10:51:45,528 [INFO]   ============================================================
2026-09-29 10:51:45,528 [INFO]   Processing Complete
2026-09-29 10:51:45,528 [INFO]   ============================================================
2026-09-29 10:51:45,528 [INFO]   Total files processed: 5
2026-09-29 10:51:45,528 [INFO]   Total chunks generated: 27
2026-09-29 10:51:45,528 [INFO]   Valid chunks: 1
2026-09-29 10:51:45,528 [INFO]   Invalid chunks: 26
2026-09-29 10:51:45,528 [INFO]   Average quality score: 0.81
2026-09-29 10:51:45,528 [INFO]   
2026-09-29 10:51:45,528 [INFO]   Chunked JSON files saved to: /home/runner/work/m2-mutualFunds-RAGchatbot/m2-mutualFunds-RAGchatbot/phase_2/scraped-data/chunked_json
2026-09-29 10:51:45,529 [INFO] ============================================================
2026-09-29 10:51:45,529 [INFO] STEP 4/4: Embedding Generation
2026-09-29 10:51:45,529 [INFO] ============================================================
2026-09-29 10:51:45,529 [INFO] --- Starting: Embedding ---
2026-09-29 10:51:46,806 [INFO] Embedding completed in 1.28s
2026-09-29 10:51:46,806 [INFO]   Processing: hdfc_mid_cap_fund_direct_growth_chunked.json
2026-09-29 10:51:46,806 [INFO]     Chunks processed: 7
2026-09-29 10:51:46,806 [INFO]     Embedding dim: 384
2026-09-29 10:51:46,806 [INFO]   Processing: hdfc_equity_fund_direct_growth_chunked.json
2026-09-29 10:51:46,806 [INFO]     Chunks processed: 7
2026-09-29 10:51:46,806 [INFO]     Embedding dim: 384
2026-09-29 10:51:46,806 [INFO]   
2026-09-29 10:51:46,806 [INFO]   ============================================================
2026-09-29 10:51:46,806 [INFO]   Processing Complete
2026-09-29 10:51:46,807 [INFO]   ============================================================
2026-09-29 10:51:46,807 [INFO]   Files processed: 5
2026-09-29 10:51:46,807 [INFO]   Total chunks indexed: 27
2026-09-29 10:51:46,807 [INFO]   Total vectors in DB: 29
2026-09-29 10:51:46,807 [INFO]   
2026-09-29 10:51:46,807 [INFO]   Vector database saved to: /home/runner/work/m2-mutualFunds-RAGchatbot/m2-mutualFunds-RAGchatbot/phase_3/vector_db
2026-09-29 10:51:46,807 [INFO] Report saved to /home/runner/work/m2-mutualFunds-RAGchatbot/m2-mutualFunds-RAGchatbot/logs/scheduler_report.json
2026-09-29 10:51:46,807 [INFO] ============================================================
2026-09-29 10:51:46,807 [INFO] ALL STEPS COMPLETE
2026-09-29 10:51:46,807 [INFO] ============================================================
