2026-08-27 15:24:59,868 [INFO] ============================================================
2026-08-27 15:24:59,868 [INFO] STEP 1/4: Web Scraping
2026-08-27 15:24:59,868 [INFO] ============================================================
2026-08-27 15:24:59,869 [INFO] --- Starting: Scraper ---
2026-08-27 15:25:03,875 [INFO] Scraper completed in 4.01s
2026-08-27 15:25:03,876 [INFO]   Total URLs: 5
2026-08-27 15:25:03,876 [INFO]   Successful: 5
2026-08-27 15:25:03,876 [INFO]   Failed: 0
2026-08-27 15:25:03,876 [INFO]   From Cache: 0
2026-08-27 15:25:03,876 [INFO]   ==================================================
2026-08-27 15:25:03,876 [INFO]   ✓ https://groww.in/mutual-funds/hdfc-mid-cap-fund-direct-growth
2026-08-27 15:25:03,876 [INFO]     Text length: 19166 characters
2026-08-27 15:25:03,876 [INFO]   ✓ https://groww.in/mutual-funds/hdfc-equity-fund-direct-growth
2026-08-27 15:25:03,876 [INFO]     Text length: 19471 characters
2026-08-27 15:25:03,876 [INFO]   ✓ https://groww.in/mutual-funds/hdfc-focused-fund-direct-growth
2026-08-27 15:25:03,876 [INFO]     Text length: 17186 characters
2026-08-27 15:25:03,876 [INFO]   ✓ https://groww.in/mutual-funds/hdfc-elss-tax-saver-fund-direct-plan-growth
2026-08-27 15:25:03,876 [INFO]     Text length: 18402 characters
2026-08-27 15:25:03,877 [INFO]   ✓ https://groww.in/mutual-funds/hdfc-large-cap-fund-direct-growth
2026-08-27 15:25:03,877 [INFO]     Text length: 17711 characters
2026-08-27 15:25:03,877 [INFO] ============================================================
2026-08-27 15:25:03,877 [INFO] STEP 2/4: Content Extraction
2026-08-27 15:25:03,877 [INFO] ============================================================
2026-08-27 15:25:03,877 [INFO] --- Starting: Content Extraction ---
2026-08-27 15:25:04,383 [INFO] Content Extraction completed in 0.51s
2026-08-27 15:25:04,383 [INFO]     Saved: hdfc_focused_fund_direct_growth.json
2026-08-27 15:25:04,383 [INFO]     Size: 3106 characters
2026-08-27 15:25:04,383 [INFO]   Processing: hdfc_elss_tax_saver_fund_direct_plan_growth.html
2026-08-27 15:25:04,383 [INFO]     Saved: hdfc_elss_tax_saver_fund_direct_plan_growth.json
2026-08-27 15:25:04,383 [INFO]     Size: 4933 characters
2026-08-27 15:25:04,383 [INFO]   
2026-08-27 15:25:04,383 [INFO]   ============================================================
2026-08-27 15:25:04,383 [INFO]   Processing Complete
2026-08-27 15:25:04,383 [INFO]   ============================================================
2026-08-27 15:25:04,383 [INFO]   Total files processed: 5
2026-08-27 15:25:04,383 [INFO]   Total original size: 1,989,207 characters
2026-08-27 15:25:04,383 [INFO]   Total cleaned size: 23,455 characters
2026-08-27 15:25:04,383 [INFO]   Reduction: 98.8%
2026-08-27 15:25:04,383 [INFO]   
2026-08-27 15:25:04,383 [INFO]   Extracted JSON files saved to: /home/runner/work/m2-mutualFunds-RAGchatbot/m2-mutualFunds-RAGchatbot/phase_2/scraped-data/extracted_json
2026-08-27 15:25:04,383 [INFO] ============================================================
2026-08-27 15:25:04,384 [INFO] STEP 3/4: Document Chunking
2026-08-27 15:25:04,384 [INFO] ============================================================
2026-08-27 15:25:04,384 [INFO] --- Starting: Chunking ---
2026-08-27 15:25:04,437 [INFO] Chunking completed in 0.05s
2026-08-27 15:25:04,437 [INFO]     Saved: hdfc_mid_cap_fund_direct_growth_chunked.json
2026-08-27 15:25:04,438 [INFO]     Chunks: 7
2026-08-27 15:25:04,438 [INFO]     Valid chunks: 0
2026-08-27 15:25:04,438 [INFO]     Avg quality: 0.80
2026-08-27 15:25:04,438 [INFO]   
2026-08-27 15:25:04,438 [INFO]   ============================================================
2026-08-27 15:25:04,438 [INFO]   Processing Complete
2026-08-27 15:25:04,438 [INFO]   ============================================================
2026-08-27 15:25:04,438 [INFO]   Total files processed: 5
2026-08-27 15:25:04,438 [INFO]   Total chunks generated: 29
2026-08-27 15:25:04,438 [INFO]   Valid chunks: 1
2026-08-27 15:25:04,438 [INFO]   Invalid chunks: 28
2026-08-27 15:25:04,438 [INFO]   Average quality score: 0.81
2026-08-27 15:25:04,438 [INFO]   
2026-08-27 15:25:04,438 [INFO]   Chunked JSON files saved to: /home/runner/work/m2-mutualFunds-RAGchatbot/m2-mutualFunds-RAGchatbot/phase_2/scraped-data/chunked_json
2026-08-27 15:25:04,438 [INFO] ============================================================
2026-08-27 15:25:04,438 [INFO] STEP 4/4: Embedding Generation
2026-08-27 15:25:04,438 [INFO] ============================================================
2026-08-27 15:25:04,438 [INFO] --- Starting: Embedding ---
2026-08-27 15:25:05,932 [INFO] Embedding completed in 1.49s
2026-08-27 15:25:05,932 [INFO]   Processing: hdfc_focused_fund_direct_growth_chunked.json
2026-08-27 15:25:05,932 [INFO]     Chunks processed: 4
2026-08-27 15:25:05,932 [INFO]     Embedding dim: 384
2026-08-27 15:25:05,932 [INFO]   Processing: hdfc_equity_fund_direct_growth_chunked.json
2026-08-27 15:25:05,932 [INFO]     Chunks processed: 7
2026-08-27 15:25:05,932 [INFO]     Embedding dim: 384
2026-08-27 15:25:05,932 [INFO]   
2026-08-27 15:25:05,932 [INFO]   ============================================================
2026-08-27 15:25:05,932 [INFO]   Processing Complete
2026-08-27 15:25:05,933 [INFO]   ============================================================
2026-08-27 15:25:05,933 [INFO]   Files processed: 5
2026-08-27 15:25:05,933 [INFO]   Total chunks indexed: 29
2026-08-27 15:25:05,933 [INFO]   Total vectors in DB: 29
2026-08-27 15:25:05,933 [INFO]   
2026-08-27 15:25:05,933 [INFO]   Vector database saved to: /home/runner/work/m2-mutualFunds-RAGchatbot/m2-mutualFunds-RAGchatbot/phase_3/vector_db
2026-08-27 15:25:05,933 [INFO] Report saved to /home/runner/work/m2-mutualFunds-RAGchatbot/m2-mutualFunds-RAGchatbot/logs/scheduler_report.json
2026-08-27 15:25:05,933 [INFO] ============================================================
2026-08-27 15:25:05,933 [INFO] ALL STEPS COMPLETE
2026-08-27 15:25:05,933 [INFO] ============================================================
