2026-08-22 05:00:26,513 [INFO] ============================================================
2026-08-22 05:00:26,513 [INFO] STEP 1/4: Web Scraping
2026-08-22 05:00:26,513 [INFO] ============================================================
2026-08-22 05:00:26,513 [INFO] --- Starting: Scraper ---
2026-08-22 05:00:30,197 [INFO] Scraper completed in 3.68s
2026-08-22 05:00:30,197 [INFO]   Total URLs: 5
2026-08-22 05:00:30,197 [INFO]   Successful: 5
2026-08-22 05:00:30,197 [INFO]   Failed: 0
2026-08-22 05:00:30,198 [INFO]   From Cache: 0
2026-08-22 05:00:30,198 [INFO]   ==================================================
2026-08-22 05:00:30,198 [INFO]   ✓ https://groww.in/mutual-funds/hdfc-mid-cap-fund-direct-growth
2026-08-22 05:00:30,198 [INFO]     Text length: 18966 characters
2026-08-22 05:00:30,198 [INFO]   ✓ https://groww.in/mutual-funds/hdfc-equity-fund-direct-growth
2026-08-22 05:00:30,198 [INFO]     Text length: 19155 characters
2026-08-22 05:00:30,198 [INFO]   ✓ https://groww.in/mutual-funds/hdfc-focused-fund-direct-growth
2026-08-22 05:00:30,198 [INFO]     Text length: 17161 characters
2026-08-22 05:00:30,198 [INFO]   ✓ https://groww.in/mutual-funds/hdfc-elss-tax-saver-fund-direct-plan-growth
2026-08-22 05:00:30,198 [INFO]     Text length: 18179 characters
2026-08-22 05:00:30,198 [INFO]   ✓ https://groww.in/mutual-funds/hdfc-large-cap-fund-direct-growth
2026-08-22 05:00:30,198 [INFO]     Text length: 17642 characters
2026-08-22 05:00:30,198 [INFO] ============================================================
2026-08-22 05:00:30,198 [INFO] STEP 2/4: Content Extraction
2026-08-22 05:00:30,198 [INFO] ============================================================
2026-08-22 05:00:30,198 [INFO] --- Starting: Content Extraction ---
2026-08-22 05:00:30,793 [INFO] Content Extraction completed in 0.59s
2026-08-22 05:00:30,793 [INFO]     Saved: hdfc_focused_fund_direct_growth.json
2026-08-22 05:00:30,793 [INFO]     Size: 3161 characters
2026-08-22 05:00:30,794 [INFO]   Processing: hdfc_elss_tax_saver_fund_direct_plan_growth.html
2026-08-22 05:00:30,794 [INFO]     Saved: hdfc_elss_tax_saver_fund_direct_plan_growth.json
2026-08-22 05:00:30,794 [INFO]     Size: 4711 characters
2026-08-22 05:00:30,794 [INFO]   
2026-08-22 05:00:30,794 [INFO]   ============================================================
2026-08-22 05:00:30,794 [INFO]   Processing Complete
2026-08-22 05:00:30,794 [INFO]   ============================================================
2026-08-22 05:00:30,794 [INFO]   Total files processed: 5
2026-08-22 05:00:30,794 [INFO]   Total original size: 1,970,385 characters
2026-08-22 05:00:30,794 [INFO]   Total cleaned size: 22,840 characters
2026-08-22 05:00:30,794 [INFO]   Reduction: 98.8%
2026-08-22 05:00:30,794 [INFO]   
2026-08-22 05:00:30,794 [INFO]   Extracted JSON files saved to: /home/runner/work/m2-mutualFunds-RAGchatbot/m2-mutualFunds-RAGchatbot/phase_2/scraped-data/extracted_json
2026-08-22 05:00:30,794 [INFO] ============================================================
2026-08-22 05:00:30,794 [INFO] STEP 3/4: Document Chunking
2026-08-22 05:00:30,794 [INFO] ============================================================
2026-08-22 05:00:30,794 [INFO] --- Starting: Chunking ---
2026-08-22 05:00:30,884 [INFO] Chunking completed in 0.09s
2026-08-22 05:00:30,884 [INFO]     Saved: hdfc_mid_cap_fund_direct_growth_chunked.json
2026-08-22 05:00:30,884 [INFO]     Chunks: 7
2026-08-22 05:00:30,884 [INFO]     Valid chunks: 0
2026-08-22 05:00:30,884 [INFO]     Avg quality: 0.80
2026-08-22 05:00:30,884 [INFO]   
2026-08-22 05:00:30,884 [INFO]   ============================================================
2026-08-22 05:00:30,884 [INFO]   Processing Complete
2026-08-22 05:00:30,884 [INFO]   ============================================================
2026-08-22 05:00:30,884 [INFO]   Total files processed: 5
2026-08-22 05:00:30,884 [INFO]   Total chunks generated: 28
2026-08-22 05:00:30,884 [INFO]   Valid chunks: 1
2026-08-22 05:00:30,884 [INFO]   Invalid chunks: 27
2026-08-22 05:00:30,885 [INFO]   Average quality score: 0.81
2026-08-22 05:00:30,885 [INFO]   
2026-08-22 05:00:30,885 [INFO]   Chunked JSON files saved to: /home/runner/work/m2-mutualFunds-RAGchatbot/m2-mutualFunds-RAGchatbot/phase_2/scraped-data/chunked_json
2026-08-22 05:00:30,885 [INFO] ============================================================
2026-08-22 05:00:30,885 [INFO] STEP 4/4: Embedding Generation
2026-08-22 05:00:30,885 [INFO] ============================================================
2026-08-22 05:00:30,885 [INFO] --- Starting: Embedding ---
2026-08-22 05:00:32,535 [INFO] Embedding completed in 1.65s
2026-08-22 05:00:32,535 [INFO]   Processing: hdfc_focused_fund_direct_growth_chunked.json
2026-08-22 05:00:32,535 [INFO]     Chunks processed: 4
2026-08-22 05:00:32,535 [INFO]     Embedding dim: 384
2026-08-22 05:00:32,535 [INFO]   Processing: hdfc_equity_fund_direct_growth_chunked.json
2026-08-22 05:00:32,535 [INFO]     Chunks processed: 7
2026-08-22 05:00:32,535 [INFO]     Embedding dim: 384
2026-08-22 05:00:32,536 [INFO]   
2026-08-22 05:00:32,536 [INFO]   ============================================================
2026-08-22 05:00:32,536 [INFO]   Processing Complete
2026-08-22 05:00:32,536 [INFO]   ============================================================
2026-08-22 05:00:32,536 [INFO]   Files processed: 5
2026-08-22 05:00:32,536 [INFO]   Total chunks indexed: 28
2026-08-22 05:00:32,536 [INFO]   Total vectors in DB: 29
2026-08-22 05:00:32,536 [INFO]   
2026-08-22 05:00:32,536 [INFO]   Vector database saved to: /home/runner/work/m2-mutualFunds-RAGchatbot/m2-mutualFunds-RAGchatbot/phase_3/vector_db
2026-08-22 05:00:32,536 [INFO] Report saved to /home/runner/work/m2-mutualFunds-RAGchatbot/m2-mutualFunds-RAGchatbot/logs/scheduler_report.json
2026-08-22 05:00:32,537 [INFO] ============================================================
2026-08-22 05:00:32,537 [INFO] ALL STEPS COMPLETE
2026-08-22 05:00:32,537 [INFO] ============================================================
