2026-08-21 05:04:37,819 [INFO] ============================================================
2026-08-21 05:04:37,819 [INFO] STEP 1/4: Web Scraping
2026-08-21 05:04:37,819 [INFO] ============================================================
2026-08-21 05:04:37,819 [INFO] --- Starting: Scraper ---
2026-08-21 05:04:40,542 [INFO] Scraper completed in 2.72s
2026-08-21 05:04:40,542 [INFO]   Total URLs: 5
2026-08-21 05:04:40,542 [INFO]   Successful: 5
2026-08-21 05:04:40,542 [INFO]   Failed: 0
2026-08-21 05:04:40,542 [INFO]   From Cache: 5
2026-08-21 05:04:40,542 [INFO]   ==================================================
2026-08-21 05:04:40,542 [INFO]   ✓ https://groww.in/mutual-funds/hdfc-mid-cap-fund-direct-growth
2026-08-21 05:04:40,542 [INFO]     Text length: 18966 characters
2026-08-21 05:04:40,542 [INFO]   ✓ https://groww.in/mutual-funds/hdfc-equity-fund-direct-growth
2026-08-21 05:04:40,542 [INFO]     Text length: 19156 characters
2026-08-21 05:04:40,542 [INFO]   ✓ https://groww.in/mutual-funds/hdfc-focused-fund-direct-growth
2026-08-21 05:04:40,542 [INFO]     Text length: 17161 characters
2026-08-21 05:04:40,542 [INFO]   ✓ https://groww.in/mutual-funds/hdfc-elss-tax-saver-fund-direct-plan-growth
2026-08-21 05:04:40,542 [INFO]     Text length: 18178 characters
2026-08-21 05:04:40,542 [INFO]   ✓ https://groww.in/mutual-funds/hdfc-large-cap-fund-direct-growth
2026-08-21 05:04:40,542 [INFO]     Text length: 17643 characters
2026-08-21 05:04:40,542 [INFO] ============================================================
2026-08-21 05:04:40,542 [INFO] STEP 2/4: Content Extraction
2026-08-21 05:04:40,543 [INFO] ============================================================
2026-08-21 05:04:40,543 [INFO] --- Starting: Content Extraction ---
2026-08-21 05:04:40,958 [INFO] Content Extraction completed in 0.42s
2026-08-21 05:04:40,958 [INFO]     Saved: hdfc_focused_fund_direct_growth.json
2026-08-21 05:04:40,958 [INFO]     Size: 3161 characters
2026-08-21 05:04:40,958 [INFO]   Processing: hdfc_elss_tax_saver_fund_direct_plan_growth.html
2026-08-21 05:04:40,958 [INFO]     Saved: hdfc_elss_tax_saver_fund_direct_plan_growth.json
2026-08-21 05:04:40,958 [INFO]     Size: 4711 characters
2026-08-21 05:04:40,958 [INFO]   
2026-08-21 05:04:40,958 [INFO]   ============================================================
2026-08-21 05:04:40,958 [INFO]   Processing Complete
2026-08-21 05:04:40,959 [INFO]   ============================================================
2026-08-21 05:04:40,959 [INFO]   Total files processed: 5
2026-08-21 05:04:40,959 [INFO]   Total original size: 1,969,868 characters
2026-08-21 05:04:40,959 [INFO]   Total cleaned size: 22,839 characters
2026-08-21 05:04:40,959 [INFO]   Reduction: 98.8%
2026-08-21 05:04:40,959 [INFO]   
2026-08-21 05:04:40,959 [INFO]   Extracted JSON files saved to: /home/runner/work/m2-mutualFunds-RAGchatbot/m2-mutualFunds-RAGchatbot/phase_2/scraped-data/extracted_json
2026-08-21 05:04:40,959 [INFO] ============================================================
2026-08-21 05:04:40,959 [INFO] STEP 3/4: Document Chunking
2026-08-21 05:04:40,959 [INFO] ============================================================
2026-08-21 05:04:40,959 [INFO] --- Starting: Chunking ---
2026-08-21 05:04:41,018 [INFO] Chunking completed in 0.06s
2026-08-21 05:04:41,018 [INFO]     Saved: hdfc_mid_cap_fund_direct_growth_chunked.json
2026-08-21 05:04:41,018 [INFO]     Chunks: 7
2026-08-21 05:04:41,018 [INFO]     Valid chunks: 0
2026-08-21 05:04:41,018 [INFO]     Avg quality: 0.80
2026-08-21 05:04:41,018 [INFO]   
2026-08-21 05:04:41,018 [INFO]   ============================================================
2026-08-21 05:04:41,018 [INFO]   Processing Complete
2026-08-21 05:04:41,018 [INFO]   ============================================================
2026-08-21 05:04:41,018 [INFO]   Total files processed: 5
2026-08-21 05:04:41,018 [INFO]   Total chunks generated: 28
2026-08-21 05:04:41,018 [INFO]   Valid chunks: 1
2026-08-21 05:04:41,019 [INFO]   Invalid chunks: 27
2026-08-21 05:04:41,019 [INFO]   Average quality score: 0.81
2026-08-21 05:04:41,019 [INFO]   
2026-08-21 05:04:41,019 [INFO]   Chunked JSON files saved to: /home/runner/work/m2-mutualFunds-RAGchatbot/m2-mutualFunds-RAGchatbot/phase_2/scraped-data/chunked_json
2026-08-21 05:04:41,019 [INFO] ============================================================
2026-08-21 05:04:41,019 [INFO] STEP 4/4: Embedding Generation
2026-08-21 05:04:41,019 [INFO] ============================================================
2026-08-21 05:04:41,019 [INFO] --- Starting: Embedding ---
2026-08-21 05:04:42,448 [INFO] Embedding completed in 1.43s
2026-08-21 05:04:42,448 [INFO]   Processing: hdfc_focused_fund_direct_growth_chunked.json
2026-08-21 05:04:42,448 [INFO]     Chunks processed: 4
2026-08-21 05:04:42,448 [INFO]     Embedding dim: 384
2026-08-21 05:04:42,448 [INFO]   Processing: hdfc_equity_fund_direct_growth_chunked.json
2026-08-21 05:04:42,448 [INFO]     Chunks processed: 7
2026-08-21 05:04:42,448 [INFO]     Embedding dim: 384
2026-08-21 05:04:42,448 [INFO]   
2026-08-21 05:04:42,448 [INFO]   ============================================================
2026-08-21 05:04:42,448 [INFO]   Processing Complete
2026-08-21 05:04:42,448 [INFO]   ============================================================
2026-08-21 05:04:42,448 [INFO]   Files processed: 5
2026-08-21 05:04:42,448 [INFO]   Total chunks indexed: 28
2026-08-21 05:04:42,448 [INFO]   Total vectors in DB: 29
2026-08-21 05:04:42,448 [INFO]   
2026-08-21 05:04:42,448 [INFO]   Vector database saved to: /home/runner/work/m2-mutualFunds-RAGchatbot/m2-mutualFunds-RAGchatbot/phase_3/vector_db
2026-08-21 05:04:42,449 [INFO] Report saved to /home/runner/work/m2-mutualFunds-RAGchatbot/m2-mutualFunds-RAGchatbot/logs/scheduler_report.json
2026-08-21 05:04:42,449 [INFO] ============================================================
2026-08-21 05:04:42,449 [INFO] ALL STEPS COMPLETE
2026-08-21 05:04:42,449 [INFO] ============================================================
