2026-07-30 07:11:16,644 [INFO] ============================================================
2026-07-30 07:11:16,644 [INFO] STEP 1/4: Web Scraping
2026-07-30 07:11:16,644 [INFO] ============================================================
2026-07-30 07:11:16,644 [INFO] --- Starting: Scraper ---
2026-07-30 07:11:19,072 [INFO] Scraper completed in 2.43s
2026-07-30 07:11:19,072 [INFO]   Total URLs: 5
2026-07-30 07:11:19,072 [INFO]   Successful: 5
2026-07-30 07:11:19,072 [INFO]   Failed: 0
2026-07-30 07:11:19,072 [INFO]   From Cache: 5
2026-07-30 07:11:19,072 [INFO]   ==================================================
2026-07-30 07:11:19,072 [INFO]   ✓ https://groww.in/mutual-funds/hdfc-mid-cap-fund-direct-growth
2026-07-30 07:11:19,072 [INFO]     Text length: 18901 characters
2026-07-30 07:11:19,072 [INFO]   ✓ https://groww.in/mutual-funds/hdfc-equity-fund-direct-growth
2026-07-30 07:11:19,072 [INFO]     Text length: 19089 characters
2026-07-30 07:11:19,072 [INFO]   ✓ https://groww.in/mutual-funds/hdfc-focused-fund-direct-growth
2026-07-30 07:11:19,072 [INFO]     Text length: 17096 characters
2026-07-30 07:11:19,072 [INFO]   ✓ https://groww.in/mutual-funds/hdfc-elss-tax-saver-fund-direct-plan-growth
2026-07-30 07:11:19,072 [INFO]     Text length: 18107 characters
2026-07-30 07:11:19,072 [INFO]   ✓ https://groww.in/mutual-funds/hdfc-large-cap-fund-direct-growth
2026-07-30 07:11:19,072 [INFO]     Text length: 17581 characters
2026-07-30 07:11:19,072 [INFO] ============================================================
2026-07-30 07:11:19,072 [INFO] STEP 2/4: Content Extraction
2026-07-30 07:11:19,072 [INFO] ============================================================
2026-07-30 07:11:19,072 [INFO] --- Starting: Content Extraction ---
2026-07-30 07:11:19,474 [INFO] Content Extraction completed in 0.4s
2026-07-30 07:11:19,474 [INFO]     Saved: hdfc_mid_cap_fund_direct_growth.json
2026-07-30 07:11:19,474 [INFO]     Size: 5524 characters
2026-07-30 07:11:19,474 [INFO]   Processing: hdfc_elss_tax_saver_fund_direct_plan_growth.html
2026-07-30 07:11:19,474 [INFO]     Saved: hdfc_elss_tax_saver_fund_direct_plan_growth.json
2026-07-30 07:11:19,474 [INFO]     Size: 4706 characters
2026-07-30 07:11:19,475 [INFO]   
2026-07-30 07:11:19,475 [INFO]   ============================================================
2026-07-30 07:11:19,475 [INFO]   Processing Complete
2026-07-30 07:11:19,475 [INFO]   ============================================================
2026-07-30 07:11:19,475 [INFO]   Total files processed: 5
2026-07-30 07:11:19,475 [INFO]   Total original size: 1,987,069 characters
2026-07-30 07:11:19,475 [INFO]   Total cleaned size: 22,837 characters
2026-07-30 07:11:19,475 [INFO]   Reduction: 98.9%
2026-07-30 07:11:19,475 [INFO]   
2026-07-30 07:11:19,475 [INFO]   Extracted JSON files saved to: /home/runner/work/m2-mutualFunds-RAGchatbot/m2-mutualFunds-RAGchatbot/phase_2/scraped-data/extracted_json
2026-07-30 07:11:19,475 [INFO] ============================================================
2026-07-30 07:11:19,475 [INFO] STEP 3/4: Document Chunking
2026-07-30 07:11:19,475 [INFO] ============================================================
2026-07-30 07:11:19,475 [INFO] --- Starting: Chunking ---
2026-07-30 07:11:19,531 [INFO] Chunking completed in 0.06s
2026-07-30 07:11:19,531 [INFO]     Saved: hdfc_large_cap_fund_direct_growth_chunked.json
2026-07-30 07:11:19,531 [INFO]     Chunks: 4
2026-07-30 07:11:19,531 [INFO]     Valid chunks: 0
2026-07-30 07:11:19,531 [INFO]     Avg quality: 0.80
2026-07-30 07:11:19,531 [INFO]   
2026-07-30 07:11:19,531 [INFO]   ============================================================
2026-07-30 07:11:19,531 [INFO]   Processing Complete
2026-07-30 07:11:19,531 [INFO]   ============================================================
2026-07-30 07:11:19,531 [INFO]   Total files processed: 5
2026-07-30 07:11:19,531 [INFO]   Total chunks generated: 28
2026-07-30 07:11:19,531 [INFO]   Valid chunks: 1
2026-07-30 07:11:19,531 [INFO]   Invalid chunks: 27
2026-07-30 07:11:19,531 [INFO]   Average quality score: 0.81
2026-07-30 07:11:19,531 [INFO]   
2026-07-30 07:11:19,531 [INFO]   Chunked JSON files saved to: /home/runner/work/m2-mutualFunds-RAGchatbot/m2-mutualFunds-RAGchatbot/phase_2/scraped-data/chunked_json
2026-07-30 07:11:19,531 [INFO] ============================================================
2026-07-30 07:11:19,531 [INFO] STEP 4/4: Embedding Generation
2026-07-30 07:11:19,531 [INFO] ============================================================
2026-07-30 07:11:19,531 [INFO] --- Starting: Embedding ---
2026-07-30 07:11:20,459 [INFO] Embedding completed in 0.93s
2026-07-30 07:11:20,459 [INFO]   Processing: hdfc_elss_tax_saver_fund_direct_plan_growth_chunked.json
2026-07-30 07:11:20,459 [INFO]     Chunks processed: 6
2026-07-30 07:11:20,459 [INFO]     Embedding dim: 384
2026-07-30 07:11:20,459 [INFO]   Processing: hdfc_large_cap_fund_direct_growth_chunked.json
2026-07-30 07:11:20,459 [INFO]     Chunks processed: 4
2026-07-30 07:11:20,459 [INFO]     Embedding dim: 384
2026-07-30 07:11:20,459 [INFO]   
2026-07-30 07:11:20,459 [INFO]   ============================================================
2026-07-30 07:11:20,459 [INFO]   Processing Complete
2026-07-30 07:11:20,459 [INFO]   ============================================================
2026-07-30 07:11:20,459 [INFO]   Files processed: 5
2026-07-30 07:11:20,459 [INFO]   Total chunks indexed: 28
2026-07-30 07:11:20,459 [INFO]   Total vectors in DB: 29
2026-07-30 07:11:20,459 [INFO]   
2026-07-30 07:11:20,459 [INFO]   Vector database saved to: /home/runner/work/m2-mutualFunds-RAGchatbot/m2-mutualFunds-RAGchatbot/phase_3/vector_db
2026-07-30 07:11:20,460 [INFO] Report saved to /home/runner/work/m2-mutualFunds-RAGchatbot/m2-mutualFunds-RAGchatbot/logs/scheduler_report.json
2026-07-30 07:11:20,460 [INFO] ============================================================
2026-07-30 07:11:20,460 [INFO] ALL STEPS COMPLETE
2026-07-30 07:11:20,460 [INFO] ============================================================
