2026-08-26 05:05:49,819 [INFO] ============================================================
2026-08-26 05:05:49,819 [INFO] STEP 1/4: Web Scraping
2026-08-26 05:05:49,819 [INFO] ============================================================
2026-08-26 05:05:49,819 [INFO] --- Starting: Scraper ---
2026-08-26 05:05:52,889 [INFO] Scraper completed in 3.07s
2026-08-26 05:05:52,889 [INFO]   Total URLs: 5
2026-08-26 05:05:52,889 [INFO]   Successful: 5
2026-08-26 05:05:52,889 [INFO]   Failed: 0
2026-08-26 05:05:52,889 [INFO]   From Cache: 0
2026-08-26 05:05:52,889 [INFO]   ==================================================
2026-08-26 05:05:52,889 [INFO]   ✓ https://groww.in/mutual-funds/hdfc-mid-cap-fund-direct-growth
2026-08-26 05:05:52,890 [INFO]     Text length: 18996 characters
2026-08-26 05:05:52,890 [INFO]   ✓ https://groww.in/mutual-funds/hdfc-equity-fund-direct-growth
2026-08-26 05:05:52,890 [INFO]     Text length: 19184 characters
2026-08-26 05:05:52,890 [INFO]   ✓ https://groww.in/mutual-funds/hdfc-focused-fund-direct-growth
2026-08-26 05:05:52,890 [INFO]     Text length: 17190 characters
2026-08-26 05:05:52,890 [INFO]   ✓ https://groww.in/mutual-funds/hdfc-elss-tax-saver-fund-direct-plan-growth
2026-08-26 05:05:52,890 [INFO]     Text length: 18206 characters
2026-08-26 05:05:52,890 [INFO]   ✓ https://groww.in/mutual-funds/hdfc-large-cap-fund-direct-growth
2026-08-26 05:05:52,890 [INFO]     Text length: 17671 characters
2026-08-26 05:05:52,890 [INFO] ============================================================
2026-08-26 05:05:52,890 [INFO] STEP 2/4: Content Extraction
2026-08-26 05:05:52,890 [INFO] ============================================================
2026-08-26 05:05:52,890 [INFO] --- Starting: Content Extraction ---
2026-08-26 05:05:53,393 [INFO] Content Extraction completed in 0.5s
2026-08-26 05:05:53,393 [INFO]     Saved: hdfc_focused_fund_direct_growth.json
2026-08-26 05:05:53,393 [INFO]     Size: 3161 characters
2026-08-26 05:05:53,393 [INFO]   Processing: hdfc_elss_tax_saver_fund_direct_plan_growth.html
2026-08-26 05:05:53,393 [INFO]     Saved: hdfc_elss_tax_saver_fund_direct_plan_growth.json
2026-08-26 05:05:53,393 [INFO]     Size: 4710 characters
2026-08-26 05:05:53,393 [INFO]   
2026-08-26 05:05:53,393 [INFO]   ============================================================
2026-08-26 05:05:53,393 [INFO]   Processing Complete
2026-08-26 05:05:53,393 [INFO]   ============================================================
2026-08-26 05:05:53,393 [INFO]   Total files processed: 5
2026-08-26 05:05:53,393 [INFO]   Total original size: 1,974,014 characters
2026-08-26 05:05:53,393 [INFO]   Total cleaned size: 22,840 characters
2026-08-26 05:05:53,393 [INFO]   Reduction: 98.8%
2026-08-26 05:05:53,393 [INFO]   
2026-08-26 05:05:53,394 [INFO]   Extracted JSON files saved to: /home/runner/work/m2-mutualFunds-RAGchatbot/m2-mutualFunds-RAGchatbot/phase_2/scraped-data/extracted_json
2026-08-26 05:05:53,394 [INFO] ============================================================
2026-08-26 05:05:53,394 [INFO] STEP 3/4: Document Chunking
2026-08-26 05:05:53,394 [INFO] ============================================================
2026-08-26 05:05:53,394 [INFO] --- Starting: Chunking ---
2026-08-26 05:05:53,446 [INFO] Chunking completed in 0.05s
2026-08-26 05:05:53,446 [INFO]     Saved: hdfc_mid_cap_fund_direct_growth_chunked.json
2026-08-26 05:05:53,446 [INFO]     Chunks: 7
2026-08-26 05:05:53,446 [INFO]     Valid chunks: 0
2026-08-26 05:05:53,446 [INFO]     Avg quality: 0.80
2026-08-26 05:05:53,447 [INFO]   
2026-08-26 05:05:53,447 [INFO]   ============================================================
2026-08-26 05:05:53,447 [INFO]   Processing Complete
2026-08-26 05:05:53,447 [INFO]   ============================================================
2026-08-26 05:05:53,447 [INFO]   Total files processed: 5
2026-08-26 05:05:53,447 [INFO]   Total chunks generated: 28
2026-08-26 05:05:53,447 [INFO]   Valid chunks: 1
2026-08-26 05:05:53,447 [INFO]   Invalid chunks: 27
2026-08-26 05:05:53,447 [INFO]   Average quality score: 0.81
2026-08-26 05:05:53,447 [INFO]   
2026-08-26 05:05:53,447 [INFO]   Chunked JSON files saved to: /home/runner/work/m2-mutualFunds-RAGchatbot/m2-mutualFunds-RAGchatbot/phase_2/scraped-data/chunked_json
2026-08-26 05:05:53,447 [INFO] ============================================================
2026-08-26 05:05:53,447 [INFO] STEP 4/4: Embedding Generation
2026-08-26 05:05:53,447 [INFO] ============================================================
2026-08-26 05:05:53,447 [INFO] --- Starting: Embedding ---
2026-08-26 05:05:54,595 [INFO] Embedding completed in 1.15s
2026-08-26 05:05:54,595 [INFO]   Processing: hdfc_focused_fund_direct_growth_chunked.json
2026-08-26 05:05:54,595 [INFO]     Chunks processed: 4
2026-08-26 05:05:54,595 [INFO]     Embedding dim: 384
2026-08-26 05:05:54,595 [INFO]   Processing: hdfc_equity_fund_direct_growth_chunked.json
2026-08-26 05:05:54,595 [INFO]     Chunks processed: 7
2026-08-26 05:05:54,595 [INFO]     Embedding dim: 384
2026-08-26 05:05:54,595 [INFO]   
2026-08-26 05:05:54,595 [INFO]   ============================================================
2026-08-26 05:05:54,595 [INFO]   Processing Complete
2026-08-26 05:05:54,595 [INFO]   ============================================================
2026-08-26 05:05:54,595 [INFO]   Files processed: 5
2026-08-26 05:05:54,595 [INFO]   Total chunks indexed: 28
2026-08-26 05:05:54,595 [INFO]   Total vectors in DB: 29
2026-08-26 05:05:54,595 [INFO]   
2026-08-26 05:05:54,595 [INFO]   Vector database saved to: /home/runner/work/m2-mutualFunds-RAGchatbot/m2-mutualFunds-RAGchatbot/phase_3/vector_db
2026-08-26 05:05:54,596 [INFO] Report saved to /home/runner/work/m2-mutualFunds-RAGchatbot/m2-mutualFunds-RAGchatbot/logs/scheduler_report.json
2026-08-26 05:05:54,596 [INFO] ============================================================
2026-08-26 05:05:54,596 [INFO] ALL STEPS COMPLETE
2026-08-26 05:05:54,596 [INFO] ============================================================
