2026-09-28 11:09:38,095 [INFO] ============================================================
2026-09-28 11:09:38,095 [INFO] STEP 1/4: Web Scraping
2026-09-28 11:09:38,095 [INFO] ============================================================
2026-09-28 11:09:38,095 [INFO] --- Starting: Scraper ---
2026-09-28 11:09:42,610 [INFO] Scraper completed in 4.52s
2026-09-28 11:09:42,610 [INFO]   Total URLs: 5
2026-09-28 11:09:42,610 [INFO]   Successful: 5
2026-09-28 11:09:42,610 [INFO]   Failed: 0
2026-09-28 11:09:42,610 [INFO]   From Cache: 0
2026-09-28 11:09:42,610 [INFO]   ==================================================
2026-09-28 11:09:42,611 [INFO]   ✓ https://groww.in/mutual-funds/hdfc-mid-cap-fund-direct-growth
2026-09-28 11:09:42,611 [INFO]     Text length: 19113 characters
2026-09-28 11:09:42,611 [INFO]   ✓ https://groww.in/mutual-funds/hdfc-equity-fund-direct-growth
2026-09-28 11:09:42,611 [INFO]     Text length: 19445 characters
2026-09-28 11:09:42,611 [INFO]   ✓ https://groww.in/mutual-funds/hdfc-focused-fund-direct-growth
2026-09-28 11:09:42,611 [INFO]     Text length: 16953 characters
2026-09-28 11:09:42,611 [INFO]   ✓ https://groww.in/mutual-funds/hdfc-elss-tax-saver-fund-direct-plan-growth
2026-09-28 11:09:42,611 [INFO]     Text length: 17772 characters
2026-09-28 11:09:42,611 [INFO]   ✓ https://groww.in/mutual-funds/hdfc-large-cap-fund-direct-growth
2026-09-28 11:09:42,611 [INFO]     Text length: 17595 characters
2026-09-28 11:09:42,611 [INFO] ============================================================
2026-09-28 11:09:42,611 [INFO] STEP 2/4: Content Extraction
2026-09-28 11:09:42,611 [INFO] ============================================================
2026-09-28 11:09:42,611 [INFO] --- Starting: Content Extraction ---
2026-09-28 11:09:43,116 [INFO] Content Extraction completed in 0.5s
2026-09-28 11:09:43,116 [INFO]     Saved: hdfc_focused_fund_direct_growth.json
2026-09-28 11:09:43,116 [INFO]     Size: 3086 characters
2026-09-28 11:09:43,116 [INFO]   Processing: hdfc_mid_cap_fund_direct_growth.html
2026-09-28 11:09:43,116 [INFO]     Saved: hdfc_mid_cap_fund_direct_growth.json
2026-09-28 11:09:43,116 [INFO]     Size: 5722 characters
2026-09-28 11:09:43,116 [INFO]   
2026-09-28 11:09:43,116 [INFO]   ============================================================
2026-09-28 11:09:43,116 [INFO]   Processing Complete
2026-09-28 11:09:43,116 [INFO]   ============================================================
2026-09-28 11:09:43,116 [INFO]   Total files processed: 5
2026-09-28 11:09:43,116 [INFO]   Total original size: 2,326,072 characters
2026-09-28 11:09:43,116 [INFO]   Total cleaned size: 23,097 characters
2026-09-28 11:09:43,116 [INFO]   Reduction: 99.0%
2026-09-28 11:09:43,116 [INFO]   
2026-09-28 11:09:43,116 [INFO]   Extracted JSON files saved to: /home/runner/work/m2-mutualFunds-RAGchatbot/m2-mutualFunds-RAGchatbot/phase_2/scraped-data/extracted_json
2026-09-28 11:09:43,116 [INFO] ============================================================
2026-09-28 11:09:43,117 [INFO] STEP 3/4: Document Chunking
2026-09-28 11:09:43,117 [INFO] ============================================================
2026-09-28 11:09:43,117 [INFO] --- Starting: Chunking ---
2026-09-28 11:09:43,170 [INFO] Chunking completed in 0.05s
2026-09-28 11:09:43,170 [INFO]     Saved: hdfc_elss_tax_saver_fund_direct_plan_growth_chunked.json
2026-09-28 11:09:43,170 [INFO]     Chunks: 5
2026-09-28 11:09:43,170 [INFO]     Valid chunks: 0
2026-09-28 11:09:43,170 [INFO]     Avg quality: 0.80
2026-09-28 11:09:43,170 [INFO]   
2026-09-28 11:09:43,171 [INFO]   ============================================================
2026-09-28 11:09:43,171 [INFO]   Processing Complete
2026-09-28 11:09:43,171 [INFO]   ============================================================
2026-09-28 11:09:43,171 [INFO]   Total files processed: 5
2026-09-28 11:09:43,171 [INFO]   Total chunks generated: 27
2026-09-28 11:09:43,171 [INFO]   Valid chunks: 1
2026-09-28 11:09:43,171 [INFO]   Invalid chunks: 26
2026-09-28 11:09:43,171 [INFO]   Average quality score: 0.81
2026-09-28 11:09:43,171 [INFO]   
2026-09-28 11:09:43,171 [INFO]   Chunked JSON files saved to: /home/runner/work/m2-mutualFunds-RAGchatbot/m2-mutualFunds-RAGchatbot/phase_2/scraped-data/chunked_json
2026-09-28 11:09:43,171 [INFO] ============================================================
2026-09-28 11:09:43,171 [INFO] STEP 4/4: Embedding Generation
2026-09-28 11:09:43,171 [INFO] ============================================================
2026-09-28 11:09:43,171 [INFO] --- Starting: Embedding ---
2026-09-28 11:09:44,502 [INFO] Embedding completed in 1.33s
2026-09-28 11:09:44,502 [INFO]   Processing: hdfc_mid_cap_fund_direct_growth_chunked.json
2026-09-28 11:09:44,502 [INFO]     Chunks processed: 7
2026-09-28 11:09:44,502 [INFO]     Embedding dim: 384
2026-09-28 11:09:44,502 [INFO]   Processing: hdfc_equity_fund_direct_growth_chunked.json
2026-09-28 11:09:44,502 [INFO]     Chunks processed: 7
2026-09-28 11:09:44,502 [INFO]     Embedding dim: 384
2026-09-28 11:09:44,502 [INFO]   
2026-09-28 11:09:44,502 [INFO]   ============================================================
2026-09-28 11:09:44,502 [INFO]   Processing Complete
2026-09-28 11:09:44,503 [INFO]   ============================================================
2026-09-28 11:09:44,503 [INFO]   Files processed: 5
2026-09-28 11:09:44,503 [INFO]   Total chunks indexed: 27
2026-09-28 11:09:44,503 [INFO]   Total vectors in DB: 29
2026-09-28 11:09:44,503 [INFO]   
2026-09-28 11:09:44,503 [INFO]   Vector database saved to: /home/runner/work/m2-mutualFunds-RAGchatbot/m2-mutualFunds-RAGchatbot/phase_3/vector_db
2026-09-28 11:09:44,503 [INFO] Report saved to /home/runner/work/m2-mutualFunds-RAGchatbot/m2-mutualFunds-RAGchatbot/logs/scheduler_report.json
2026-09-28 11:09:44,504 [INFO] ============================================================
2026-09-28 11:09:44,504 [INFO] ALL STEPS COMPLETE
2026-09-28 11:09:44,504 [INFO] ============================================================
