2026-09-12 08:46:21,349 [INFO] ============================================================
2026-09-12 08:46:21,349 [INFO] STEP 1/4: Web Scraping
2026-09-12 08:46:21,349 [INFO] ============================================================
2026-09-12 08:46:21,349 [INFO] --- Starting: Scraper ---
2026-09-12 08:46:24,366 [INFO] Scraper completed in 3.02s
2026-09-12 08:46:24,366 [INFO]   Total URLs: 5
2026-09-12 08:46:24,366 [INFO]   Successful: 5
2026-09-12 08:46:24,366 [INFO]   Failed: 0
2026-09-12 08:46:24,366 [INFO]   From Cache: 5
2026-09-12 08:46:24,366 [INFO]   ==================================================
2026-09-12 08:46:24,366 [INFO]   ✓ https://groww.in/mutual-funds/hdfc-mid-cap-fund-direct-growth
2026-09-12 08:46:24,366 [INFO]     Text length: 19168 characters
2026-09-12 08:46:24,366 [INFO]   ✓ https://groww.in/mutual-funds/hdfc-equity-fund-direct-growth
2026-09-12 08:46:24,366 [INFO]     Text length: 19307 characters
2026-09-12 08:46:24,366 [INFO]   ✓ https://groww.in/mutual-funds/hdfc-focused-fund-direct-growth
2026-09-12 08:46:24,367 [INFO]     Text length: 17023 characters
2026-09-12 08:46:24,367 [INFO]   ✓ https://groww.in/mutual-funds/hdfc-elss-tax-saver-fund-direct-plan-growth
2026-09-12 08:46:24,367 [INFO]     Text length: 17850 characters
2026-09-12 08:46:24,367 [INFO]   ✓ https://groww.in/mutual-funds/hdfc-large-cap-fund-direct-growth
2026-09-12 08:46:24,367 [INFO]     Text length: 17553 characters
2026-09-12 08:46:24,367 [INFO] ============================================================
2026-09-12 08:46:24,367 [INFO] STEP 2/4: Content Extraction
2026-09-12 08:46:24,367 [INFO] ============================================================
2026-09-12 08:46:24,367 [INFO] --- Starting: Content Extraction ---
2026-09-12 08:46:24,893 [INFO] Content Extraction completed in 0.53s
2026-09-12 08:46:24,893 [INFO]     Saved: hdfc_mid_cap_fund_direct_growth.json
2026-09-12 08:46:24,893 [INFO]     Size: 5719 characters
2026-09-12 08:46:24,893 [INFO]   Processing: hdfc_large_cap_fund_direct_growth.html
2026-09-12 08:46:24,893 [INFO]     Saved: hdfc_large_cap_fund_direct_growth.json
2026-09-12 08:46:24,893 [INFO]     Size: 3832 characters
2026-09-12 08:46:24,893 [INFO]   
2026-09-12 08:46:24,893 [INFO]   ============================================================
2026-09-12 08:46:24,893 [INFO]   Processing Complete
2026-09-12 08:46:24,893 [INFO]   ============================================================
2026-09-12 08:46:24,893 [INFO]   Total files processed: 5
2026-09-12 08:46:24,893 [INFO]   Total original size: 2,310,038 characters
2026-09-12 08:46:24,893 [INFO]   Total cleaned size: 22,987 characters
2026-09-12 08:46:24,893 [INFO]   Reduction: 99.0%
2026-09-12 08:46:24,893 [INFO]   
2026-09-12 08:46:24,893 [INFO]   Extracted JSON files saved to: /home/runner/work/m2-mutualFunds-RAGchatbot/m2-mutualFunds-RAGchatbot/phase_2/scraped-data/extracted_json
2026-09-12 08:46:24,893 [INFO] ============================================================
2026-09-12 08:46:24,894 [INFO] STEP 3/4: Document Chunking
2026-09-12 08:46:24,894 [INFO] ============================================================
2026-09-12 08:46:24,894 [INFO] --- Starting: Chunking ---
2026-09-12 08:46:24,948 [INFO] Chunking completed in 0.05s
2026-09-12 08:46:24,948 [INFO]     Saved: hdfc_elss_tax_saver_fund_direct_plan_growth_chunked.json
2026-09-12 08:46:24,948 [INFO]     Chunks: 6
2026-09-12 08:46:24,948 [INFO]     Valid chunks: 0
2026-09-12 08:46:24,949 [INFO]     Avg quality: 0.80
2026-09-12 08:46:24,949 [INFO]   
2026-09-12 08:46:24,949 [INFO]   ============================================================
2026-09-12 08:46:24,949 [INFO]   Processing Complete
2026-09-12 08:46:24,949 [INFO]   ============================================================
2026-09-12 08:46:24,949 [INFO]   Total files processed: 5
2026-09-12 08:46:24,949 [INFO]   Total chunks generated: 29
2026-09-12 08:46:24,949 [INFO]   Valid chunks: 1
2026-09-12 08:46:24,949 [INFO]   Invalid chunks: 28
2026-09-12 08:46:24,949 [INFO]   Average quality score: 0.81
2026-09-12 08:46:24,949 [INFO]   
2026-09-12 08:46:24,949 [INFO]   Chunked JSON files saved to: /home/runner/work/m2-mutualFunds-RAGchatbot/m2-mutualFunds-RAGchatbot/phase_2/scraped-data/chunked_json
2026-09-12 08:46:24,949 [INFO] ============================================================
2026-09-12 08:46:24,949 [INFO] STEP 4/4: Embedding Generation
2026-09-12 08:46:24,949 [INFO] ============================================================
2026-09-12 08:46:24,949 [INFO] --- Starting: Embedding ---
2026-09-12 08:46:26,091 [INFO] Embedding completed in 1.14s
2026-09-12 08:46:26,092 [INFO]   Processing: hdfc_elss_tax_saver_fund_direct_plan_growth_chunked.json
2026-09-12 08:46:26,092 [INFO]     Chunks processed: 6
2026-09-12 08:46:26,092 [INFO]     Embedding dim: 384
2026-09-12 08:46:26,092 [INFO]   Processing: hdfc_equity_fund_direct_growth_chunked.json
2026-09-12 08:46:26,092 [INFO]     Chunks processed: 7
2026-09-12 08:46:26,092 [INFO]     Embedding dim: 384
2026-09-12 08:46:26,092 [INFO]   
2026-09-12 08:46:26,092 [INFO]   ============================================================
2026-09-12 08:46:26,092 [INFO]   Processing Complete
2026-09-12 08:46:26,092 [INFO]   ============================================================
2026-09-12 08:46:26,092 [INFO]   Files processed: 5
2026-09-12 08:46:26,092 [INFO]   Total chunks indexed: 29
2026-09-12 08:46:26,092 [INFO]   Total vectors in DB: 29
2026-09-12 08:46:26,092 [INFO]   
2026-09-12 08:46:26,092 [INFO]   Vector database saved to: /home/runner/work/m2-mutualFunds-RAGchatbot/m2-mutualFunds-RAGchatbot/phase_3/vector_db
2026-09-12 08:46:26,093 [INFO] Report saved to /home/runner/work/m2-mutualFunds-RAGchatbot/m2-mutualFunds-RAGchatbot/logs/scheduler_report.json
2026-09-12 08:46:26,093 [INFO] ============================================================
2026-09-12 08:46:26,093 [INFO] ALL STEPS COMPLETE
2026-09-12 08:46:26,093 [INFO] ============================================================
