2026-08-19 05:03:16,333 [INFO] ============================================================
2026-08-19 05:03:16,333 [INFO] STEP 1/4: Web Scraping
2026-08-19 05:03:16,333 [INFO] ============================================================
2026-08-19 05:03:16,333 [INFO] --- Starting: Scraper ---
2026-08-19 05:03:19,789 [INFO] Scraper completed in 3.46s
2026-08-19 05:03:19,790 [INFO]   Total URLs: 5
2026-08-19 05:03:19,790 [INFO]   Successful: 5
2026-08-19 05:03:19,790 [INFO]   Failed: 0
2026-08-19 05:03:19,790 [INFO]   From Cache: 0
2026-08-19 05:03:19,790 [INFO]   ==================================================
2026-08-19 05:03:19,790 [INFO]   ✓ https://groww.in/mutual-funds/hdfc-mid-cap-fund-direct-growth
2026-08-19 05:03:19,790 [INFO]     Text length: 18961 characters
2026-08-19 05:03:19,790 [INFO]   ✓ https://groww.in/mutual-funds/hdfc-equity-fund-direct-growth
2026-08-19 05:03:19,790 [INFO]     Text length: 19148 characters
2026-08-19 05:03:19,790 [INFO]   ✓ https://groww.in/mutual-funds/hdfc-focused-fund-direct-growth
2026-08-19 05:03:19,790 [INFO]     Text length: 17154 characters
2026-08-19 05:03:19,790 [INFO]   ✓ https://groww.in/mutual-funds/hdfc-elss-tax-saver-fund-direct-plan-growth
2026-08-19 05:03:19,790 [INFO]     Text length: 18170 characters
2026-08-19 05:03:19,790 [INFO]   ✓ https://groww.in/mutual-funds/hdfc-large-cap-fund-direct-growth
2026-08-19 05:03:19,790 [INFO]     Text length: 17636 characters
2026-08-19 05:03:19,790 [INFO] ============================================================
2026-08-19 05:03:19,790 [INFO] STEP 2/4: Content Extraction
2026-08-19 05:03:19,790 [INFO] ============================================================
2026-08-19 05:03:19,791 [INFO] --- Starting: Content Extraction ---
2026-08-19 05:03:20,282 [INFO] Content Extraction completed in 0.49s
2026-08-19 05:03:20,282 [INFO]     Saved: hdfc_focused_fund_direct_growth.json
2026-08-19 05:03:20,282 [INFO]     Size: 3160 characters
2026-08-19 05:03:20,282 [INFO]   Processing: hdfc_elss_tax_saver_fund_direct_plan_growth.html
2026-08-19 05:03:20,282 [INFO]     Saved: hdfc_elss_tax_saver_fund_direct_plan_growth.json
2026-08-19 05:03:20,282 [INFO]     Size: 4710 characters
2026-08-19 05:03:20,282 [INFO]   
2026-08-19 05:03:20,282 [INFO]   ============================================================
2026-08-19 05:03:20,282 [INFO]   Processing Complete
2026-08-19 05:03:20,282 [INFO]   ============================================================
2026-08-19 05:03:20,282 [INFO]   Total files processed: 5
2026-08-19 05:03:20,282 [INFO]   Total original size: 1,976,342 characters
2026-08-19 05:03:20,283 [INFO]   Total cleaned size: 22,838 characters
2026-08-19 05:03:20,283 [INFO]   Reduction: 98.8%
2026-08-19 05:03:20,283 [INFO]   
2026-08-19 05:03:20,283 [INFO]   Extracted JSON files saved to: /home/runner/work/m2-mutualFunds-RAGchatbot/m2-mutualFunds-RAGchatbot/phase_2/scraped-data/extracted_json
2026-08-19 05:03:20,283 [INFO] ============================================================
2026-08-19 05:03:20,283 [INFO] STEP 3/4: Document Chunking
2026-08-19 05:03:20,283 [INFO] ============================================================
2026-08-19 05:03:20,283 [INFO] --- Starting: Chunking ---
2026-08-19 05:03:20,336 [INFO] Chunking completed in 0.05s
2026-08-19 05:03:20,336 [INFO]     Saved: hdfc_mid_cap_fund_direct_growth_chunked.json
2026-08-19 05:03:20,336 [INFO]     Chunks: 7
2026-08-19 05:03:20,336 [INFO]     Valid chunks: 0
2026-08-19 05:03:20,336 [INFO]     Avg quality: 0.80
2026-08-19 05:03:20,337 [INFO]   
2026-08-19 05:03:20,337 [INFO]   ============================================================
2026-08-19 05:03:20,337 [INFO]   Processing Complete
2026-08-19 05:03:20,337 [INFO]   ============================================================
2026-08-19 05:03:20,337 [INFO]   Total files processed: 5
2026-08-19 05:03:20,337 [INFO]   Total chunks generated: 28
2026-08-19 05:03:20,337 [INFO]   Valid chunks: 1
2026-08-19 05:03:20,337 [INFO]   Invalid chunks: 27
2026-08-19 05:03:20,337 [INFO]   Average quality score: 0.81
2026-08-19 05:03:20,337 [INFO]   
2026-08-19 05:03:20,337 [INFO]   Chunked JSON files saved to: /home/runner/work/m2-mutualFunds-RAGchatbot/m2-mutualFunds-RAGchatbot/phase_2/scraped-data/chunked_json
2026-08-19 05:03:20,337 [INFO] ============================================================
2026-08-19 05:03:20,337 [INFO] STEP 4/4: Embedding Generation
2026-08-19 05:03:20,337 [INFO] ============================================================
2026-08-19 05:03:20,337 [INFO] --- Starting: Embedding ---
2026-08-19 05:03:21,670 [INFO] Embedding completed in 1.33s
2026-08-19 05:03:21,670 [INFO]   Processing: hdfc_focused_fund_direct_growth_chunked.json
2026-08-19 05:03:21,670 [INFO]     Chunks processed: 4
2026-08-19 05:03:21,670 [INFO]     Embedding dim: 384
2026-08-19 05:03:21,670 [INFO]   Processing: hdfc_equity_fund_direct_growth_chunked.json
2026-08-19 05:03:21,671 [INFO]     Chunks processed: 7
2026-08-19 05:03:21,671 [INFO]     Embedding dim: 384
2026-08-19 05:03:21,671 [INFO]   
2026-08-19 05:03:21,671 [INFO]   ============================================================
2026-08-19 05:03:21,671 [INFO]   Processing Complete
2026-08-19 05:03:21,671 [INFO]   ============================================================
2026-08-19 05:03:21,671 [INFO]   Files processed: 5
2026-08-19 05:03:21,671 [INFO]   Total chunks indexed: 28
2026-08-19 05:03:21,671 [INFO]   Total vectors in DB: 29
2026-08-19 05:03:21,671 [INFO]   
2026-08-19 05:03:21,671 [INFO]   Vector database saved to: /home/runner/work/m2-mutualFunds-RAGchatbot/m2-mutualFunds-RAGchatbot/phase_3/vector_db
2026-08-19 05:03:21,672 [INFO] Report saved to /home/runner/work/m2-mutualFunds-RAGchatbot/m2-mutualFunds-RAGchatbot/logs/scheduler_report.json
2026-08-19 05:03:21,672 [INFO] ============================================================
2026-08-19 05:03:21,672 [INFO] ALL STEPS COMPLETE
2026-08-19 05:03:21,672 [INFO] ============================================================
