2026-09-01 09:33:45,807 [INFO] ============================================================
2026-09-01 09:33:45,807 [INFO] STEP 1/4: Web Scraping
2026-09-01 09:33:45,807 [INFO] ============================================================
2026-09-01 09:33:45,807 [INFO] --- Starting: Scraper ---
2026-09-01 09:33:48,383 [INFO] Scraper completed in 2.57s
2026-09-01 09:33:48,383 [INFO]   Total URLs: 5
2026-09-01 09:33:48,383 [INFO]   Successful: 5
2026-09-01 09:33:48,383 [INFO]   Failed: 0
2026-09-01 09:33:48,383 [INFO]   From Cache: 5
2026-09-01 09:33:48,383 [INFO]   ==================================================
2026-09-01 09:33:48,383 [INFO]   ✓ https://groww.in/mutual-funds/hdfc-mid-cap-fund-direct-growth
2026-09-01 09:33:48,383 [INFO]     Text length: 19165 characters
2026-09-01 09:33:48,383 [INFO]   ✓ https://groww.in/mutual-funds/hdfc-equity-fund-direct-growth
2026-09-01 09:33:48,383 [INFO]     Text length: 19470 characters
2026-09-01 09:33:48,383 [INFO]   ✓ https://groww.in/mutual-funds/hdfc-focused-fund-direct-growth
2026-09-01 09:33:48,383 [INFO]     Text length: 17185 characters
2026-09-01 09:33:48,383 [INFO]   ✓ https://groww.in/mutual-funds/hdfc-elss-tax-saver-fund-direct-plan-growth
2026-09-01 09:33:48,383 [INFO]     Text length: 18399 characters
2026-09-01 09:33:48,383 [INFO]   ✓ https://groww.in/mutual-funds/hdfc-large-cap-fund-direct-growth
2026-09-01 09:33:48,383 [INFO]     Text length: 17709 characters
2026-09-01 09:33:48,383 [INFO] ============================================================
2026-09-01 09:33:48,383 [INFO] STEP 2/4: Content Extraction
2026-09-01 09:33:48,383 [INFO] ============================================================
2026-09-01 09:33:48,383 [INFO] --- Starting: Content Extraction ---
2026-09-01 09:33:48,888 [INFO] Content Extraction completed in 0.5s
2026-09-01 09:33:48,888 [INFO]     Saved: hdfc_focused_fund_direct_growth.json
2026-09-01 09:33:48,888 [INFO]     Size: 3105 characters
2026-09-01 09:33:48,888 [INFO]   Processing: hdfc_elss_tax_saver_fund_direct_plan_growth.html
2026-09-01 09:33:48,888 [INFO]     Saved: hdfc_elss_tax_saver_fund_direct_plan_growth.json
2026-09-01 09:33:48,888 [INFO]     Size: 4931 characters
2026-09-01 09:33:48,888 [INFO]   
2026-09-01 09:33:48,888 [INFO]   ============================================================
2026-09-01 09:33:48,888 [INFO]   Processing Complete
2026-09-01 09:33:48,888 [INFO]   ============================================================
2026-09-01 09:33:48,888 [INFO]   Total files processed: 5
2026-09-01 09:33:48,888 [INFO]   Total original size: 2,050,372 characters
2026-09-01 09:33:48,888 [INFO]   Total cleaned size: 23,450 characters
2026-09-01 09:33:48,888 [INFO]   Reduction: 98.9%
2026-09-01 09:33:48,889 [INFO]   
2026-09-01 09:33:48,889 [INFO]   Extracted JSON files saved to: /home/runner/work/m2-mutualFunds-RAGchatbot/m2-mutualFunds-RAGchatbot/phase_2/scraped-data/extracted_json
2026-09-01 09:33:48,889 [INFO] ============================================================
2026-09-01 09:33:48,889 [INFO] STEP 3/4: Document Chunking
2026-09-01 09:33:48,889 [INFO] ============================================================
2026-09-01 09:33:48,889 [INFO] --- Starting: Chunking ---
2026-09-01 09:33:48,942 [INFO] Chunking completed in 0.05s
2026-09-01 09:33:48,942 [INFO]     Saved: hdfc_mid_cap_fund_direct_growth_chunked.json
2026-09-01 09:33:48,942 [INFO]     Chunks: 7
2026-09-01 09:33:48,942 [INFO]     Valid chunks: 0
2026-09-01 09:33:48,942 [INFO]     Avg quality: 0.80
2026-09-01 09:33:48,942 [INFO]   
2026-09-01 09:33:48,942 [INFO]   ============================================================
2026-09-01 09:33:48,942 [INFO]   Processing Complete
2026-09-01 09:33:48,942 [INFO]   ============================================================
2026-09-01 09:33:48,942 [INFO]   Total files processed: 5
2026-09-01 09:33:48,942 [INFO]   Total chunks generated: 29
2026-09-01 09:33:48,942 [INFO]   Valid chunks: 1
2026-09-01 09:33:48,942 [INFO]   Invalid chunks: 28
2026-09-01 09:33:48,942 [INFO]   Average quality score: 0.81
2026-09-01 09:33:48,943 [INFO]   
2026-09-01 09:33:48,943 [INFO]   Chunked JSON files saved to: /home/runner/work/m2-mutualFunds-RAGchatbot/m2-mutualFunds-RAGchatbot/phase_2/scraped-data/chunked_json
2026-09-01 09:33:48,943 [INFO] ============================================================
2026-09-01 09:33:48,943 [INFO] STEP 4/4: Embedding Generation
2026-09-01 09:33:48,943 [INFO] ============================================================
2026-09-01 09:33:48,943 [INFO] --- Starting: Embedding ---
2026-09-01 09:33:49,892 [INFO] Embedding completed in 0.95s
2026-09-01 09:33:49,892 [INFO]   Processing: hdfc_focused_fund_direct_growth_chunked.json
2026-09-01 09:33:49,892 [INFO]     Chunks processed: 4
2026-09-01 09:33:49,892 [INFO]     Embedding dim: 384
2026-09-01 09:33:49,892 [INFO]   Processing: hdfc_equity_fund_direct_growth_chunked.json
2026-09-01 09:33:49,892 [INFO]     Chunks processed: 7
2026-09-01 09:33:49,892 [INFO]     Embedding dim: 384
2026-09-01 09:33:49,892 [INFO]   
2026-09-01 09:33:49,892 [INFO]   ============================================================
2026-09-01 09:33:49,892 [INFO]   Processing Complete
2026-09-01 09:33:49,892 [INFO]   ============================================================
2026-09-01 09:33:49,892 [INFO]   Files processed: 5
2026-09-01 09:33:49,892 [INFO]   Total chunks indexed: 29
2026-09-01 09:33:49,892 [INFO]   Total vectors in DB: 29
2026-09-01 09:33:49,892 [INFO]   
2026-09-01 09:33:49,892 [INFO]   Vector database saved to: /home/runner/work/m2-mutualFunds-RAGchatbot/m2-mutualFunds-RAGchatbot/phase_3/vector_db
2026-09-01 09:33:49,893 [INFO] Report saved to /home/runner/work/m2-mutualFunds-RAGchatbot/m2-mutualFunds-RAGchatbot/logs/scheduler_report.json
2026-09-01 09:33:49,893 [INFO] ============================================================
2026-09-01 09:33:49,893 [INFO] ALL STEPS COMPLETE
2026-09-01 09:33:49,893 [INFO] ============================================================
