2026-08-13 05:56:01,233 [INFO] ============================================================
2026-08-13 05:56:01,233 [INFO] STEP 1/4: Web Scraping
2026-08-13 05:56:01,233 [INFO] ============================================================
2026-08-13 05:56:01,233 [INFO] --- Starting: Scraper ---
2026-08-13 05:56:04,223 [INFO] Scraper completed in 2.99s
2026-08-13 05:56:04,223 [INFO]   Total URLs: 5
2026-08-13 05:56:04,223 [INFO]   Successful: 5
2026-08-13 05:56:04,223 [INFO]   Failed: 0
2026-08-13 05:56:04,223 [INFO]   From Cache: 0
2026-08-13 05:56:04,223 [INFO]   ==================================================
2026-08-13 05:56:04,223 [INFO]   ✓ https://groww.in/mutual-funds/hdfc-mid-cap-fund-direct-growth
2026-08-13 05:56:04,223 [INFO]     Text length: 18961 characters
2026-08-13 05:56:04,223 [INFO]   ✓ https://groww.in/mutual-funds/hdfc-equity-fund-direct-growth
2026-08-13 05:56:04,223 [INFO]     Text length: 19146 characters
2026-08-13 05:56:04,223 [INFO]   ✓ https://groww.in/mutual-funds/hdfc-focused-fund-direct-growth
2026-08-13 05:56:04,223 [INFO]     Text length: 17152 characters
2026-08-13 05:56:04,223 [INFO]   ✓ https://groww.in/mutual-funds/hdfc-elss-tax-saver-fund-direct-plan-growth
2026-08-13 05:56:04,223 [INFO]     Text length: 18169 characters
2026-08-13 05:56:04,223 [INFO]   ✓ https://groww.in/mutual-funds/hdfc-large-cap-fund-direct-growth
2026-08-13 05:56:04,223 [INFO]     Text length: 17635 characters
2026-08-13 05:56:04,223 [INFO] ============================================================
2026-08-13 05:56:04,223 [INFO] STEP 2/4: Content Extraction
2026-08-13 05:56:04,223 [INFO] ============================================================
2026-08-13 05:56:04,223 [INFO] --- Starting: Content Extraction ---
2026-08-13 05:56:04,637 [INFO] Content Extraction completed in 0.41s
2026-08-13 05:56:04,637 [INFO]     Saved: hdfc_focused_fund_direct_growth.json
2026-08-13 05:56:04,637 [INFO]     Size: 3159 characters
2026-08-13 05:56:04,637 [INFO]   Processing: hdfc_elss_tax_saver_fund_direct_plan_growth.html
2026-08-13 05:56:04,637 [INFO]     Saved: hdfc_elss_tax_saver_fund_direct_plan_growth.json
2026-08-13 05:56:04,637 [INFO]     Size: 4708 characters
2026-08-13 05:56:04,637 [INFO]   
2026-08-13 05:56:04,637 [INFO]   ============================================================
2026-08-13 05:56:04,638 [INFO]   Processing Complete
2026-08-13 05:56:04,638 [INFO]   ============================================================
2026-08-13 05:56:04,638 [INFO]   Total files processed: 5
2026-08-13 05:56:04,638 [INFO]   Total original size: 1,967,743 characters
2026-08-13 05:56:04,638 [INFO]   Total cleaned size: 22,832 characters
2026-08-13 05:56:04,638 [INFO]   Reduction: 98.8%
2026-08-13 05:56:04,638 [INFO]   
2026-08-13 05:56:04,638 [INFO]   Extracted JSON files saved to: /home/runner/work/m2-mutualFunds-RAGchatbot/m2-mutualFunds-RAGchatbot/phase_2/scraped-data/extracted_json
2026-08-13 05:56:04,638 [INFO] ============================================================
2026-08-13 05:56:04,638 [INFO] STEP 3/4: Document Chunking
2026-08-13 05:56:04,638 [INFO] ============================================================
2026-08-13 05:56:04,638 [INFO] --- Starting: Chunking ---
2026-08-13 05:56:04,694 [INFO] Chunking completed in 0.06s
2026-08-13 05:56:04,694 [INFO]     Saved: hdfc_mid_cap_fund_direct_growth_chunked.json
2026-08-13 05:56:04,694 [INFO]     Chunks: 7
2026-08-13 05:56:04,694 [INFO]     Valid chunks: 0
2026-08-13 05:56:04,694 [INFO]     Avg quality: 0.80
2026-08-13 05:56:04,694 [INFO]   
2026-08-13 05:56:04,694 [INFO]   ============================================================
2026-08-13 05:56:04,694 [INFO]   Processing Complete
2026-08-13 05:56:04,694 [INFO]   ============================================================
2026-08-13 05:56:04,694 [INFO]   Total files processed: 5
2026-08-13 05:56:04,694 [INFO]   Total chunks generated: 28
2026-08-13 05:56:04,694 [INFO]   Valid chunks: 1
2026-08-13 05:56:04,694 [INFO]   Invalid chunks: 27
2026-08-13 05:56:04,694 [INFO]   Average quality score: 0.81
2026-08-13 05:56:04,694 [INFO]   
2026-08-13 05:56:04,694 [INFO]   Chunked JSON files saved to: /home/runner/work/m2-mutualFunds-RAGchatbot/m2-mutualFunds-RAGchatbot/phase_2/scraped-data/chunked_json
2026-08-13 05:56:04,694 [INFO] ============================================================
2026-08-13 05:56:04,694 [INFO] STEP 4/4: Embedding Generation
2026-08-13 05:56:04,694 [INFO] ============================================================
2026-08-13 05:56:04,694 [INFO] --- Starting: Embedding ---
2026-08-13 05:56:05,735 [INFO] Embedding completed in 1.04s
2026-08-13 05:56:05,735 [INFO]   Processing: hdfc_focused_fund_direct_growth_chunked.json
2026-08-13 05:56:05,735 [INFO]     Chunks processed: 4
2026-08-13 05:56:05,735 [INFO]     Embedding dim: 384
2026-08-13 05:56:05,735 [INFO]   Processing: hdfc_equity_fund_direct_growth_chunked.json
2026-08-13 05:56:05,735 [INFO]     Chunks processed: 7
2026-08-13 05:56:05,735 [INFO]     Embedding dim: 384
2026-08-13 05:56:05,735 [INFO]   
2026-08-13 05:56:05,735 [INFO]   ============================================================
2026-08-13 05:56:05,735 [INFO]   Processing Complete
2026-08-13 05:56:05,735 [INFO]   ============================================================
2026-08-13 05:56:05,735 [INFO]   Files processed: 5
2026-08-13 05:56:05,735 [INFO]   Total chunks indexed: 28
2026-08-13 05:56:05,735 [INFO]   Total vectors in DB: 29
2026-08-13 05:56:05,735 [INFO]   
2026-08-13 05:56:05,735 [INFO]   Vector database saved to: /home/runner/work/m2-mutualFunds-RAGchatbot/m2-mutualFunds-RAGchatbot/phase_3/vector_db
2026-08-13 05:56:05,736 [INFO] Report saved to /home/runner/work/m2-mutualFunds-RAGchatbot/m2-mutualFunds-RAGchatbot/logs/scheduler_report.json
2026-08-13 05:56:05,736 [INFO] ============================================================
2026-08-13 05:56:05,736 [INFO] ALL STEPS COMPLETE
2026-08-13 05:56:05,736 [INFO] ============================================================
