2026-08-03 07:57:53,865 [INFO] ============================================================
2026-08-03 07:57:53,865 [INFO] STEP 1/4: Web Scraping
2026-08-03 07:57:53,865 [INFO] ============================================================
2026-08-03 07:57:53,865 [INFO] --- Starting: Scraper ---
2026-08-03 07:57:57,289 [INFO] Scraper completed in 3.42s
2026-08-03 07:57:57,289 [INFO]   Total URLs: 5
2026-08-03 07:57:57,289 [INFO]   Successful: 5
2026-08-03 07:57:57,289 [INFO]   Failed: 0
2026-08-03 07:57:57,289 [INFO]   From Cache: 0
2026-08-03 07:57:57,289 [INFO]   ==================================================
2026-08-03 07:57:57,289 [INFO]   ✓ https://groww.in/mutual-funds/hdfc-mid-cap-fund-direct-growth
2026-08-03 07:57:57,290 [INFO]     Text length: 18953 characters
2026-08-03 07:57:57,290 [INFO]   ✓ https://groww.in/mutual-funds/hdfc-equity-fund-direct-growth
2026-08-03 07:57:57,290 [INFO]     Text length: 19141 characters
2026-08-03 07:57:57,290 [INFO]   ✓ https://groww.in/mutual-funds/hdfc-focused-fund-direct-growth
2026-08-03 07:57:57,290 [INFO]     Text length: 17148 characters
2026-08-03 07:57:57,290 [INFO]   ✓ https://groww.in/mutual-funds/hdfc-elss-tax-saver-fund-direct-plan-growth
2026-08-03 07:57:57,290 [INFO]     Text length: 18160 characters
2026-08-03 07:57:57,290 [INFO]   ✓ https://groww.in/mutual-funds/hdfc-large-cap-fund-direct-growth
2026-08-03 07:57:57,290 [INFO]     Text length: 17631 characters
2026-08-03 07:57:57,290 [INFO] ============================================================
2026-08-03 07:57:57,290 [INFO] STEP 2/4: Content Extraction
2026-08-03 07:57:57,290 [INFO] ============================================================
2026-08-03 07:57:57,290 [INFO] --- Starting: Content Extraction ---
2026-08-03 07:57:57,788 [INFO] Content Extraction completed in 0.5s
2026-08-03 07:57:57,788 [INFO]     Saved: hdfc_mid_cap_fund_direct_growth.json
2026-08-03 07:57:57,788 [INFO]     Size: 5524 characters
2026-08-03 07:57:57,788 [INFO]   Processing: hdfc_elss_tax_saver_fund_direct_plan_growth.html
2026-08-03 07:57:57,788 [INFO]     Saved: hdfc_elss_tax_saver_fund_direct_plan_growth.json
2026-08-03 07:57:57,788 [INFO]     Size: 4706 characters
2026-08-03 07:57:57,788 [INFO]   
2026-08-03 07:57:57,788 [INFO]   ============================================================
2026-08-03 07:57:57,789 [INFO]   Processing Complete
2026-08-03 07:57:57,789 [INFO]   ============================================================
2026-08-03 07:57:57,789 [INFO]   Total files processed: 5
2026-08-03 07:57:57,789 [INFO]   Total original size: 2,105,583 characters
2026-08-03 07:57:57,789 [INFO]   Total cleaned size: 22,836 characters
2026-08-03 07:57:57,789 [INFO]   Reduction: 98.9%
2026-08-03 07:57:57,789 [INFO]   
2026-08-03 07:57:57,789 [INFO]   Extracted JSON files saved to: /home/runner/work/m2-mutualFunds-RAGchatbot/m2-mutualFunds-RAGchatbot/phase_2/scraped-data/extracted_json
2026-08-03 07:57:57,789 [INFO] ============================================================
2026-08-03 07:57:57,789 [INFO] STEP 3/4: Document Chunking
2026-08-03 07:57:57,789 [INFO] ============================================================
2026-08-03 07:57:57,789 [INFO] --- Starting: Chunking ---
2026-08-03 07:57:57,845 [INFO] Chunking completed in 0.06s
2026-08-03 07:57:57,845 [INFO]     Saved: hdfc_large_cap_fund_direct_growth_chunked.json
2026-08-03 07:57:57,845 [INFO]     Chunks: 4
2026-08-03 07:57:57,845 [INFO]     Valid chunks: 0
2026-08-03 07:57:57,845 [INFO]     Avg quality: 0.80
2026-08-03 07:57:57,845 [INFO]   
2026-08-03 07:57:57,845 [INFO]   ============================================================
2026-08-03 07:57:57,845 [INFO]   Processing Complete
2026-08-03 07:57:57,845 [INFO]   ============================================================
2026-08-03 07:57:57,845 [INFO]   Total files processed: 5
2026-08-03 07:57:57,846 [INFO]   Total chunks generated: 28
2026-08-03 07:57:57,846 [INFO]   Valid chunks: 1
2026-08-03 07:57:57,846 [INFO]   Invalid chunks: 27
2026-08-03 07:57:57,846 [INFO]   Average quality score: 0.81
2026-08-03 07:57:57,846 [INFO]   
2026-08-03 07:57:57,846 [INFO]   Chunked JSON files saved to: /home/runner/work/m2-mutualFunds-RAGchatbot/m2-mutualFunds-RAGchatbot/phase_2/scraped-data/chunked_json
2026-08-03 07:57:57,846 [INFO] ============================================================
2026-08-03 07:57:57,846 [INFO] STEP 4/4: Embedding Generation
2026-08-03 07:57:57,846 [INFO] ============================================================
2026-08-03 07:57:57,846 [INFO] --- Starting: Embedding ---
2026-08-03 07:57:59,029 [INFO] Embedding completed in 1.18s
2026-08-03 07:57:59,029 [INFO]   Processing: hdfc_elss_tax_saver_fund_direct_plan_growth_chunked.json
2026-08-03 07:57:59,029 [INFO]     Chunks processed: 6
2026-08-03 07:57:59,029 [INFO]     Embedding dim: 384
2026-08-03 07:57:59,029 [INFO]   Processing: hdfc_large_cap_fund_direct_growth_chunked.json
2026-08-03 07:57:59,029 [INFO]     Chunks processed: 4
2026-08-03 07:57:59,029 [INFO]     Embedding dim: 384
2026-08-03 07:57:59,029 [INFO]   
2026-08-03 07:57:59,029 [INFO]   ============================================================
2026-08-03 07:57:59,029 [INFO]   Processing Complete
2026-08-03 07:57:59,029 [INFO]   ============================================================
2026-08-03 07:57:59,029 [INFO]   Files processed: 5
2026-08-03 07:57:59,029 [INFO]   Total chunks indexed: 28
2026-08-03 07:57:59,029 [INFO]   Total vectors in DB: 29
2026-08-03 07:57:59,029 [INFO]   
2026-08-03 07:57:59,029 [INFO]   Vector database saved to: /home/runner/work/m2-mutualFunds-RAGchatbot/m2-mutualFunds-RAGchatbot/phase_3/vector_db
2026-08-03 07:57:59,030 [INFO] Report saved to /home/runner/work/m2-mutualFunds-RAGchatbot/m2-mutualFunds-RAGchatbot/logs/scheduler_report.json
2026-08-03 07:57:59,030 [INFO] ============================================================
2026-08-03 07:57:59,030 [INFO] ALL STEPS COMPLETE
2026-08-03 07:57:59,030 [INFO] ============================================================
