2026-08-17 05:09:07,360 [INFO] ============================================================
2026-08-17 05:09:07,360 [INFO] STEP 1/4: Web Scraping
2026-08-17 05:09:07,361 [INFO] ============================================================
2026-08-17 05:09:07,361 [INFO] --- Starting: Scraper ---
2026-08-17 05:09:10,383 [INFO] Scraper completed in 3.02s
2026-08-17 05:09:10,383 [INFO]   Total URLs: 5
2026-08-17 05:09:10,383 [INFO]   Successful: 5
2026-08-17 05:09:10,383 [INFO]   Failed: 0
2026-08-17 05:09:10,383 [INFO]   From Cache: 0
2026-08-17 05:09:10,383 [INFO]   ==================================================
2026-08-17 05:09:10,383 [INFO]   ✓ https://groww.in/mutual-funds/hdfc-mid-cap-fund-direct-growth
2026-08-17 05:09:10,383 [INFO]     Text length: 18961 characters
2026-08-17 05:09:10,383 [INFO]   ✓ https://groww.in/mutual-funds/hdfc-equity-fund-direct-growth
2026-08-17 05:09:10,383 [INFO]     Text length: 19148 characters
2026-08-17 05:09:10,383 [INFO]   ✓ https://groww.in/mutual-funds/hdfc-focused-fund-direct-growth
2026-08-17 05:09:10,383 [INFO]     Text length: 17154 characters
2026-08-17 05:09:10,383 [INFO]   ✓ https://groww.in/mutual-funds/hdfc-elss-tax-saver-fund-direct-plan-growth
2026-08-17 05:09:10,383 [INFO]     Text length: 18169 characters
2026-08-17 05:09:10,384 [INFO]   ✓ https://groww.in/mutual-funds/hdfc-large-cap-fund-direct-growth
2026-08-17 05:09:10,384 [INFO]     Text length: 17634 characters
2026-08-17 05:09:10,384 [INFO] ============================================================
2026-08-17 05:09:10,384 [INFO] STEP 2/4: Content Extraction
2026-08-17 05:09:10,384 [INFO] ============================================================
2026-08-17 05:09:10,384 [INFO] --- Starting: Content Extraction ---
2026-08-17 05:09:10,897 [INFO] Content Extraction completed in 0.51s
2026-08-17 05:09:10,897 [INFO]     Saved: hdfc_focused_fund_direct_growth.json
2026-08-17 05:09:10,897 [INFO]     Size: 3160 characters
2026-08-17 05:09:10,897 [INFO]   Processing: hdfc_elss_tax_saver_fund_direct_plan_growth.html
2026-08-17 05:09:10,897 [INFO]     Saved: hdfc_elss_tax_saver_fund_direct_plan_growth.json
2026-08-17 05:09:10,897 [INFO]     Size: 4708 characters
2026-08-17 05:09:10,897 [INFO]   
2026-08-17 05:09:10,897 [INFO]   ============================================================
2026-08-17 05:09:10,897 [INFO]   Processing Complete
2026-08-17 05:09:10,897 [INFO]   ============================================================
2026-08-17 05:09:10,897 [INFO]   Total files processed: 5
2026-08-17 05:09:10,897 [INFO]   Total original size: 1,971,287 characters
2026-08-17 05:09:10,897 [INFO]   Total cleaned size: 22,834 characters
2026-08-17 05:09:10,897 [INFO]   Reduction: 98.8%
2026-08-17 05:09:10,897 [INFO]   
2026-08-17 05:09:10,897 [INFO]   Extracted JSON files saved to: /home/runner/work/m2-mutualFunds-RAGchatbot/m2-mutualFunds-RAGchatbot/phase_2/scraped-data/extracted_json
2026-08-17 05:09:10,897 [INFO] ============================================================
2026-08-17 05:09:10,898 [INFO] STEP 3/4: Document Chunking
2026-08-17 05:09:10,898 [INFO] ============================================================
2026-08-17 05:09:10,898 [INFO] --- Starting: Chunking ---
2026-08-17 05:09:10,958 [INFO] Chunking completed in 0.06s
2026-08-17 05:09:10,958 [INFO]     Saved: hdfc_mid_cap_fund_direct_growth_chunked.json
2026-08-17 05:09:10,958 [INFO]     Chunks: 7
2026-08-17 05:09:10,958 [INFO]     Valid chunks: 0
2026-08-17 05:09:10,958 [INFO]     Avg quality: 0.80
2026-08-17 05:09:10,958 [INFO]   
2026-08-17 05:09:10,958 [INFO]   ============================================================
2026-08-17 05:09:10,958 [INFO]   Processing Complete
2026-08-17 05:09:10,958 [INFO]   ============================================================
2026-08-17 05:09:10,958 [INFO]   Total files processed: 5
2026-08-17 05:09:10,958 [INFO]   Total chunks generated: 28
2026-08-17 05:09:10,958 [INFO]   Valid chunks: 1
2026-08-17 05:09:10,958 [INFO]   Invalid chunks: 27
2026-08-17 05:09:10,958 [INFO]   Average quality score: 0.81
2026-08-17 05:09:10,959 [INFO]   
2026-08-17 05:09:10,959 [INFO]   Chunked JSON files saved to: /home/runner/work/m2-mutualFunds-RAGchatbot/m2-mutualFunds-RAGchatbot/phase_2/scraped-data/chunked_json
2026-08-17 05:09:10,959 [INFO] ============================================================
2026-08-17 05:09:10,959 [INFO] STEP 4/4: Embedding Generation
2026-08-17 05:09:10,959 [INFO] ============================================================
2026-08-17 05:09:10,959 [INFO] --- Starting: Embedding ---
2026-08-17 05:09:12,463 [INFO] Embedding completed in 1.5s
2026-08-17 05:09:12,463 [INFO]   Processing: hdfc_focused_fund_direct_growth_chunked.json
2026-08-17 05:09:12,463 [INFO]     Chunks processed: 4
2026-08-17 05:09:12,463 [INFO]     Embedding dim: 384
2026-08-17 05:09:12,463 [INFO]   Processing: hdfc_equity_fund_direct_growth_chunked.json
2026-08-17 05:09:12,463 [INFO]     Chunks processed: 7
2026-08-17 05:09:12,463 [INFO]     Embedding dim: 384
2026-08-17 05:09:12,463 [INFO]   
2026-08-17 05:09:12,463 [INFO]   ============================================================
2026-08-17 05:09:12,463 [INFO]   Processing Complete
2026-08-17 05:09:12,463 [INFO]   ============================================================
2026-08-17 05:09:12,463 [INFO]   Files processed: 5
2026-08-17 05:09:12,463 [INFO]   Total chunks indexed: 28
2026-08-17 05:09:12,463 [INFO]   Total vectors in DB: 29
2026-08-17 05:09:12,463 [INFO]   
2026-08-17 05:09:12,463 [INFO]   Vector database saved to: /home/runner/work/m2-mutualFunds-RAGchatbot/m2-mutualFunds-RAGchatbot/phase_3/vector_db
2026-08-17 05:09:12,464 [INFO] Report saved to /home/runner/work/m2-mutualFunds-RAGchatbot/m2-mutualFunds-RAGchatbot/logs/scheduler_report.json
2026-08-17 05:09:12,464 [INFO] ============================================================
2026-08-17 05:09:12,464 [INFO] ALL STEPS COMPLETE
2026-08-17 05:09:12,464 [INFO] ============================================================
