2026-07-28 07:12:19,507 [INFO] ============================================================
2026-07-28 07:12:19,508 [INFO] STEP 1/4: Web Scraping
2026-07-28 07:12:19,508 [INFO] ============================================================
2026-07-28 07:12:19,508 [INFO] --- Starting: Scraper ---
2026-07-28 07:12:22,587 [INFO] Scraper completed in 3.08s
2026-07-28 07:12:22,587 [INFO]   Total URLs: 5
2026-07-28 07:12:22,587 [INFO]   Successful: 5
2026-07-28 07:12:22,587 [INFO]   Failed: 0
2026-07-28 07:12:22,588 [INFO]   From Cache: 5
2026-07-28 07:12:22,588 [INFO]   ==================================================
2026-07-28 07:12:22,588 [INFO]   ✓ https://groww.in/mutual-funds/hdfc-mid-cap-fund-direct-growth
2026-07-28 07:12:22,588 [INFO]     Text length: 18898 characters
2026-07-28 07:12:22,588 [INFO]   ✓ https://groww.in/mutual-funds/hdfc-equity-fund-direct-growth
2026-07-28 07:12:22,588 [INFO]     Text length: 19088 characters
2026-07-28 07:12:22,588 [INFO]   ✓ https://groww.in/mutual-funds/hdfc-focused-fund-direct-growth
2026-07-28 07:12:22,588 [INFO]     Text length: 17095 characters
2026-07-28 07:12:22,588 [INFO]   ✓ https://groww.in/mutual-funds/hdfc-elss-tax-saver-fund-direct-plan-growth
2026-07-28 07:12:22,588 [INFO]     Text length: 18108 characters
2026-07-28 07:12:22,588 [INFO]   ✓ https://groww.in/mutual-funds/hdfc-large-cap-fund-direct-growth
2026-07-28 07:12:22,588 [INFO]     Text length: 17582 characters
2026-07-28 07:12:22,588 [INFO] ============================================================
2026-07-28 07:12:22,588 [INFO] STEP 2/4: Content Extraction
2026-07-28 07:12:22,588 [INFO] ============================================================
2026-07-28 07:12:22,588 [INFO] --- Starting: Content Extraction ---
2026-07-28 07:12:23,083 [INFO] Content Extraction completed in 0.49s
2026-07-28 07:12:23,083 [INFO]     Saved: hdfc_mid_cap_fund_direct_growth.json
2026-07-28 07:12:23,083 [INFO]     Size: 5521 characters
2026-07-28 07:12:23,083 [INFO]   Processing: hdfc_elss_tax_saver_fund_direct_plan_growth.html
2026-07-28 07:12:23,083 [INFO]     Saved: hdfc_elss_tax_saver_fund_direct_plan_growth.json
2026-07-28 07:12:23,083 [INFO]     Size: 4707 characters
2026-07-28 07:12:23,083 [INFO]   
2026-07-28 07:12:23,083 [INFO]   ============================================================
2026-07-28 07:12:23,083 [INFO]   Processing Complete
2026-07-28 07:12:23,083 [INFO]   ============================================================
2026-07-28 07:12:23,083 [INFO]   Total files processed: 5
2026-07-28 07:12:23,084 [INFO]   Total original size: 1,987,254 characters
2026-07-28 07:12:23,084 [INFO]   Total cleaned size: 22,833 characters
2026-07-28 07:12:23,084 [INFO]   Reduction: 98.9%
2026-07-28 07:12:23,084 [INFO]   
2026-07-28 07:12:23,084 [INFO]   Extracted JSON files saved to: /home/runner/work/m2-mutualFunds-RAGchatbot/m2-mutualFunds-RAGchatbot/phase_2/scraped-data/extracted_json
2026-07-28 07:12:23,084 [INFO] ============================================================
2026-07-28 07:12:23,084 [INFO] STEP 3/4: Document Chunking
2026-07-28 07:12:23,084 [INFO] ============================================================
2026-07-28 07:12:23,084 [INFO] --- Starting: Chunking ---
2026-07-28 07:12:23,141 [INFO] Chunking completed in 0.06s
2026-07-28 07:12:23,141 [INFO]     Saved: hdfc_large_cap_fund_direct_growth_chunked.json
2026-07-28 07:12:23,141 [INFO]     Chunks: 4
2026-07-28 07:12:23,141 [INFO]     Valid chunks: 0
2026-07-28 07:12:23,141 [INFO]     Avg quality: 0.80
2026-07-28 07:12:23,141 [INFO]   
2026-07-28 07:12:23,141 [INFO]   ============================================================
2026-07-28 07:12:23,141 [INFO]   Processing Complete
2026-07-28 07:12:23,141 [INFO]   ============================================================
2026-07-28 07:12:23,141 [INFO]   Total files processed: 5
2026-07-28 07:12:23,141 [INFO]   Total chunks generated: 28
2026-07-28 07:12:23,141 [INFO]   Valid chunks: 1
2026-07-28 07:12:23,141 [INFO]   Invalid chunks: 27
2026-07-28 07:12:23,141 [INFO]   Average quality score: 0.81
2026-07-28 07:12:23,141 [INFO]   
2026-07-28 07:12:23,141 [INFO]   Chunked JSON files saved to: /home/runner/work/m2-mutualFunds-RAGchatbot/m2-mutualFunds-RAGchatbot/phase_2/scraped-data/chunked_json
2026-07-28 07:12:23,141 [INFO] ============================================================
2026-07-28 07:12:23,141 [INFO] STEP 4/4: Embedding Generation
2026-07-28 07:12:23,141 [INFO] ============================================================
2026-07-28 07:12:23,141 [INFO] --- Starting: Embedding ---
2026-07-28 07:12:24,426 [INFO] Embedding completed in 1.28s
2026-07-28 07:12:24,426 [INFO]   Processing: hdfc_elss_tax_saver_fund_direct_plan_growth_chunked.json
2026-07-28 07:12:24,426 [INFO]     Chunks processed: 6
2026-07-28 07:12:24,427 [INFO]     Embedding dim: 384
2026-07-28 07:12:24,427 [INFO]   Processing: hdfc_large_cap_fund_direct_growth_chunked.json
2026-07-28 07:12:24,427 [INFO]     Chunks processed: 4
2026-07-28 07:12:24,427 [INFO]     Embedding dim: 384
2026-07-28 07:12:24,427 [INFO]   
2026-07-28 07:12:24,427 [INFO]   ============================================================
2026-07-28 07:12:24,427 [INFO]   Processing Complete
2026-07-28 07:12:24,427 [INFO]   ============================================================
2026-07-28 07:12:24,427 [INFO]   Files processed: 5
2026-07-28 07:12:24,427 [INFO]   Total chunks indexed: 28
2026-07-28 07:12:24,427 [INFO]   Total vectors in DB: 29
2026-07-28 07:12:24,427 [INFO]   
2026-07-28 07:12:24,427 [INFO]   Vector database saved to: /home/runner/work/m2-mutualFunds-RAGchatbot/m2-mutualFunds-RAGchatbot/phase_3/vector_db
2026-07-28 07:12:24,428 [INFO] Report saved to /home/runner/work/m2-mutualFunds-RAGchatbot/m2-mutualFunds-RAGchatbot/logs/scheduler_report.json
2026-07-28 07:12:24,428 [INFO] ============================================================
2026-07-28 07:12:24,428 [INFO] ALL STEPS COMPLETE
2026-07-28 07:12:24,428 [INFO] ============================================================
