2026-09-24 09:27:18,483 [INFO] ============================================================
2026-09-24 09:27:18,483 [INFO] STEP 1/4: Web Scraping
2026-09-24 09:27:18,483 [INFO] ============================================================
2026-09-24 09:27:18,483 [INFO] --- Starting: Scraper ---
2026-09-24 09:27:20,819 [INFO] Scraper completed in 2.33s
2026-09-24 09:27:20,819 [INFO]   Total URLs: 5
2026-09-24 09:27:20,819 [INFO]   Successful: 5
2026-09-24 09:27:20,819 [INFO]   Failed: 0
2026-09-24 09:27:20,819 [INFO]   From Cache: 5
2026-09-24 09:27:20,819 [INFO]   ==================================================
2026-09-24 09:27:20,819 [INFO]   ✓ https://groww.in/mutual-funds/hdfc-mid-cap-fund-direct-growth
2026-09-24 09:27:20,819 [INFO]     Text length: 19110 characters
2026-09-24 09:27:20,819 [INFO]   ✓ https://groww.in/mutual-funds/hdfc-equity-fund-direct-growth
2026-09-24 09:27:20,819 [INFO]     Text length: 19442 characters
2026-09-24 09:27:20,819 [INFO]   ✓ https://groww.in/mutual-funds/hdfc-focused-fund-direct-growth
2026-09-24 09:27:20,819 [INFO]     Text length: 16947 characters
2026-09-24 09:27:20,819 [INFO]   ✓ https://groww.in/mutual-funds/hdfc-elss-tax-saver-fund-direct-plan-growth
2026-09-24 09:27:20,819 [INFO]     Text length: 17771 characters
2026-09-24 09:27:20,819 [INFO]   ✓ https://groww.in/mutual-funds/hdfc-large-cap-fund-direct-growth
2026-09-24 09:27:20,819 [INFO]     Text length: 17596 characters
2026-09-24 09:27:20,819 [INFO] ============================================================
2026-09-24 09:27:20,819 [INFO] STEP 2/4: Content Extraction
2026-09-24 09:27:20,819 [INFO] ============================================================
2026-09-24 09:27:20,819 [INFO] --- Starting: Content Extraction ---
2026-09-24 09:27:21,327 [INFO] Content Extraction completed in 0.51s
2026-09-24 09:27:21,327 [INFO]     Saved: hdfc_mid_cap_fund_direct_growth.json
2026-09-24 09:27:21,327 [INFO]     Size: 5718 characters
2026-09-24 09:27:21,327 [INFO]   Processing: hdfc_large_cap_fund_direct_growth.html
2026-09-24 09:27:21,327 [INFO]     Saved: hdfc_large_cap_fund_direct_growth.json
2026-09-24 09:27:21,327 [INFO]     Size: 3942 characters
2026-09-24 09:27:21,327 [INFO]   
2026-09-24 09:27:21,327 [INFO]   ============================================================
2026-09-24 09:27:21,327 [INFO]   Processing Complete
2026-09-24 09:27:21,327 [INFO]   ============================================================
2026-09-24 09:27:21,327 [INFO]   Total files processed: 5
2026-09-24 09:27:21,327 [INFO]   Total original size: 2,322,217 characters
2026-09-24 09:27:21,327 [INFO]   Total cleaned size: 23,075 characters
2026-09-24 09:27:21,328 [INFO]   Reduction: 99.0%
2026-09-24 09:27:21,328 [INFO]   
2026-09-24 09:27:21,328 [INFO]   Extracted JSON files saved to: /home/runner/work/m2-mutualFunds-RAGchatbot/m2-mutualFunds-RAGchatbot/phase_2/scraped-data/extracted_json
2026-09-24 09:27:21,328 [INFO] ============================================================
2026-09-24 09:27:21,328 [INFO] STEP 3/4: Document Chunking
2026-09-24 09:27:21,328 [INFO] ============================================================
2026-09-24 09:27:21,328 [INFO] --- Starting: Chunking ---
2026-09-24 09:27:21,383 [INFO] Chunking completed in 0.05s
2026-09-24 09:27:21,383 [INFO]     Saved: hdfc_elss_tax_saver_fund_direct_plan_growth_chunked.json
2026-09-24 09:27:21,383 [INFO]     Chunks: 5
2026-09-24 09:27:21,383 [INFO]     Valid chunks: 0
2026-09-24 09:27:21,383 [INFO]     Avg quality: 0.80
2026-09-24 09:27:21,383 [INFO]   
2026-09-24 09:27:21,383 [INFO]   ============================================================
2026-09-24 09:27:21,383 [INFO]   Processing Complete
2026-09-24 09:27:21,383 [INFO]   ============================================================
2026-09-24 09:27:21,383 [INFO]   Total files processed: 5
2026-09-24 09:27:21,383 [INFO]   Total chunks generated: 27
2026-09-24 09:27:21,383 [INFO]   Valid chunks: 1
2026-09-24 09:27:21,383 [INFO]   Invalid chunks: 26
2026-09-24 09:27:21,383 [INFO]   Average quality score: 0.81
2026-09-24 09:27:21,384 [INFO]   
2026-09-24 09:27:21,384 [INFO]   Chunked JSON files saved to: /home/runner/work/m2-mutualFunds-RAGchatbot/m2-mutualFunds-RAGchatbot/phase_2/scraped-data/chunked_json
2026-09-24 09:27:21,384 [INFO] ============================================================
2026-09-24 09:27:21,384 [INFO] STEP 4/4: Embedding Generation
2026-09-24 09:27:21,384 [INFO] ============================================================
2026-09-24 09:27:21,384 [INFO] --- Starting: Embedding ---
2026-09-24 09:27:22,736 [INFO] Embedding completed in 1.35s
2026-09-24 09:27:22,736 [INFO]   Processing: hdfc_elss_tax_saver_fund_direct_plan_growth_chunked.json
2026-09-24 09:27:22,736 [INFO]     Chunks processed: 5
2026-09-24 09:27:22,736 [INFO]     Embedding dim: 384
2026-09-24 09:27:22,737 [INFO]   Processing: hdfc_equity_fund_direct_growth_chunked.json
2026-09-24 09:27:22,737 [INFO]     Chunks processed: 7
2026-09-24 09:27:22,737 [INFO]     Embedding dim: 384
2026-09-24 09:27:22,737 [INFO]   
2026-09-24 09:27:22,737 [INFO]   ============================================================
2026-09-24 09:27:22,737 [INFO]   Processing Complete
2026-09-24 09:27:22,737 [INFO]   ============================================================
2026-09-24 09:27:22,737 [INFO]   Files processed: 5
2026-09-24 09:27:22,737 [INFO]   Total chunks indexed: 27
2026-09-24 09:27:22,737 [INFO]   Total vectors in DB: 29
2026-09-24 09:27:22,737 [INFO]   
2026-09-24 09:27:22,737 [INFO]   Vector database saved to: /home/runner/work/m2-mutualFunds-RAGchatbot/m2-mutualFunds-RAGchatbot/phase_3/vector_db
2026-09-24 09:27:22,737 [INFO] Report saved to /home/runner/work/m2-mutualFunds-RAGchatbot/m2-mutualFunds-RAGchatbot/logs/scheduler_report.json
2026-09-24 09:27:22,737 [INFO] ============================================================
2026-09-24 09:27:22,737 [INFO] ALL STEPS COMPLETE
2026-09-24 09:27:22,737 [INFO] ============================================================
