2026-08-23 05:02:54,059 [INFO] ============================================================
2026-08-23 05:02:54,059 [INFO] STEP 1/4: Web Scraping
2026-08-23 05:02:54,059 [INFO] ============================================================
2026-08-23 05:02:54,059 [INFO] --- Starting: Scraper ---
2026-08-23 05:02:56,447 [INFO] Scraper completed in 2.39s
2026-08-23 05:02:56,447 [INFO]   Total URLs: 5
2026-08-23 05:02:56,447 [INFO]   Successful: 5
2026-08-23 05:02:56,447 [INFO]   Failed: 0
2026-08-23 05:02:56,447 [INFO]   From Cache: 0
2026-08-23 05:02:56,447 [INFO]   ==================================================
2026-08-23 05:02:56,448 [INFO]   ✓ https://groww.in/mutual-funds/hdfc-mid-cap-fund-direct-growth
2026-08-23 05:02:56,448 [INFO]     Text length: 18966 characters
2026-08-23 05:02:56,448 [INFO]   ✓ https://groww.in/mutual-funds/hdfc-equity-fund-direct-growth
2026-08-23 05:02:56,448 [INFO]     Text length: 19155 characters
2026-08-23 05:02:56,448 [INFO]   ✓ https://groww.in/mutual-funds/hdfc-focused-fund-direct-growth
2026-08-23 05:02:56,448 [INFO]     Text length: 17161 characters
2026-08-23 05:02:56,448 [INFO]   ✓ https://groww.in/mutual-funds/hdfc-elss-tax-saver-fund-direct-plan-growth
2026-08-23 05:02:56,448 [INFO]     Text length: 18179 characters
2026-08-23 05:02:56,448 [INFO]   ✓ https://groww.in/mutual-funds/hdfc-large-cap-fund-direct-growth
2026-08-23 05:02:56,448 [INFO]     Text length: 17642 characters
2026-08-23 05:02:56,448 [INFO] ============================================================
2026-08-23 05:02:56,448 [INFO] STEP 2/4: Content Extraction
2026-08-23 05:02:56,448 [INFO] ============================================================
2026-08-23 05:02:56,448 [INFO] --- Starting: Content Extraction ---
2026-08-23 05:02:56,854 [INFO] Content Extraction completed in 0.41s
2026-08-23 05:02:56,854 [INFO]     Saved: hdfc_focused_fund_direct_growth.json
2026-08-23 05:02:56,854 [INFO]     Size: 3161 characters
2026-08-23 05:02:56,855 [INFO]   Processing: hdfc_elss_tax_saver_fund_direct_plan_growth.html
2026-08-23 05:02:56,855 [INFO]     Saved: hdfc_elss_tax_saver_fund_direct_plan_growth.json
2026-08-23 05:02:56,855 [INFO]     Size: 4711 characters
2026-08-23 05:02:56,855 [INFO]   
2026-08-23 05:02:56,855 [INFO]   ============================================================
2026-08-23 05:02:56,855 [INFO]   Processing Complete
2026-08-23 05:02:56,855 [INFO]   ============================================================
2026-08-23 05:02:56,855 [INFO]   Total files processed: 5
2026-08-23 05:02:56,855 [INFO]   Total original size: 1,970,385 characters
2026-08-23 05:02:56,855 [INFO]   Total cleaned size: 22,840 characters
2026-08-23 05:02:56,855 [INFO]   Reduction: 98.8%
2026-08-23 05:02:56,855 [INFO]   
2026-08-23 05:02:56,855 [INFO]   Extracted JSON files saved to: /home/runner/work/m2-mutualFunds-RAGchatbot/m2-mutualFunds-RAGchatbot/phase_2/scraped-data/extracted_json
2026-08-23 05:02:56,855 [INFO] ============================================================
2026-08-23 05:02:56,855 [INFO] STEP 3/4: Document Chunking
2026-08-23 05:02:56,855 [INFO] ============================================================
2026-08-23 05:02:56,855 [INFO] --- Starting: Chunking ---
2026-08-23 05:02:56,905 [INFO] Chunking completed in 0.05s
2026-08-23 05:02:56,905 [INFO]     Saved: hdfc_mid_cap_fund_direct_growth_chunked.json
2026-08-23 05:02:56,905 [INFO]     Chunks: 7
2026-08-23 05:02:56,905 [INFO]     Valid chunks: 0
2026-08-23 05:02:56,905 [INFO]     Avg quality: 0.80
2026-08-23 05:02:56,905 [INFO]   
2026-08-23 05:02:56,905 [INFO]   ============================================================
2026-08-23 05:02:56,905 [INFO]   Processing Complete
2026-08-23 05:02:56,905 [INFO]   ============================================================
2026-08-23 05:02:56,905 [INFO]   Total files processed: 5
2026-08-23 05:02:56,905 [INFO]   Total chunks generated: 28
2026-08-23 05:02:56,905 [INFO]   Valid chunks: 1
2026-08-23 05:02:56,906 [INFO]   Invalid chunks: 27
2026-08-23 05:02:56,906 [INFO]   Average quality score: 0.81
2026-08-23 05:02:56,906 [INFO]   
2026-08-23 05:02:56,906 [INFO]   Chunked JSON files saved to: /home/runner/work/m2-mutualFunds-RAGchatbot/m2-mutualFunds-RAGchatbot/phase_2/scraped-data/chunked_json
2026-08-23 05:02:56,906 [INFO] ============================================================
2026-08-23 05:02:56,906 [INFO] STEP 4/4: Embedding Generation
2026-08-23 05:02:56,906 [INFO] ============================================================
2026-08-23 05:02:56,906 [INFO] --- Starting: Embedding ---
2026-08-23 05:02:58,160 [INFO] Embedding completed in 1.25s
2026-08-23 05:02:58,160 [INFO]   Processing: hdfc_focused_fund_direct_growth_chunked.json
2026-08-23 05:02:58,160 [INFO]     Chunks processed: 4
2026-08-23 05:02:58,160 [INFO]     Embedding dim: 384
2026-08-23 05:02:58,160 [INFO]   Processing: hdfc_equity_fund_direct_growth_chunked.json
2026-08-23 05:02:58,160 [INFO]     Chunks processed: 7
2026-08-23 05:02:58,160 [INFO]     Embedding dim: 384
2026-08-23 05:02:58,160 [INFO]   
2026-08-23 05:02:58,160 [INFO]   ============================================================
2026-08-23 05:02:58,160 [INFO]   Processing Complete
2026-08-23 05:02:58,160 [INFO]   ============================================================
2026-08-23 05:02:58,160 [INFO]   Files processed: 5
2026-08-23 05:02:58,160 [INFO]   Total chunks indexed: 28
2026-08-23 05:02:58,160 [INFO]   Total vectors in DB: 29
2026-08-23 05:02:58,160 [INFO]   
2026-08-23 05:02:58,160 [INFO]   Vector database saved to: /home/runner/work/m2-mutualFunds-RAGchatbot/m2-mutualFunds-RAGchatbot/phase_3/vector_db
2026-08-23 05:02:58,160 [INFO] Report saved to /home/runner/work/m2-mutualFunds-RAGchatbot/m2-mutualFunds-RAGchatbot/logs/scheduler_report.json
2026-08-23 05:02:58,160 [INFO] ============================================================
2026-08-23 05:02:58,160 [INFO] ALL STEPS COMPLETE
2026-08-23 05:02:58,160 [INFO] ============================================================
