2026-08-01 07:02:47,785 [INFO] ============================================================
2026-08-01 07:02:47,785 [INFO] STEP 1/4: Web Scraping
2026-08-01 07:02:47,785 [INFO] ============================================================
2026-08-01 07:02:47,785 [INFO] --- Starting: Scraper ---
2026-08-01 07:02:50,350 [INFO] Scraper completed in 2.56s
2026-08-01 07:02:50,350 [INFO]   Total URLs: 5
2026-08-01 07:02:50,350 [INFO]   Successful: 5
2026-08-01 07:02:50,350 [INFO]   Failed: 0
2026-08-01 07:02:50,350 [INFO]   From Cache: 5
2026-08-01 07:02:50,350 [INFO]   ==================================================
2026-08-01 07:02:50,350 [INFO]   ✓ https://groww.in/mutual-funds/hdfc-mid-cap-fund-direct-growth
2026-08-01 07:02:50,351 [INFO]     Text length: 18952 characters
2026-08-01 07:02:50,351 [INFO]   ✓ https://groww.in/mutual-funds/hdfc-equity-fund-direct-growth
2026-08-01 07:02:50,351 [INFO]     Text length: 19140 characters
2026-08-01 07:02:50,351 [INFO]   ✓ https://groww.in/mutual-funds/hdfc-focused-fund-direct-growth
2026-08-01 07:02:50,351 [INFO]     Text length: 17147 characters
2026-08-01 07:02:50,351 [INFO]   ✓ https://groww.in/mutual-funds/hdfc-elss-tax-saver-fund-direct-plan-growth
2026-08-01 07:02:50,351 [INFO]     Text length: 18160 characters
2026-08-01 07:02:50,351 [INFO]   ✓ https://groww.in/mutual-funds/hdfc-large-cap-fund-direct-growth
2026-08-01 07:02:50,351 [INFO]     Text length: 17632 characters
2026-08-01 07:02:50,351 [INFO] ============================================================
2026-08-01 07:02:50,351 [INFO] STEP 2/4: Content Extraction
2026-08-01 07:02:50,351 [INFO] ============================================================
2026-08-01 07:02:50,351 [INFO] --- Starting: Content Extraction ---
2026-08-01 07:02:50,842 [INFO] Content Extraction completed in 0.49s
2026-08-01 07:02:50,842 [INFO]     Saved: hdfc_mid_cap_fund_direct_growth.json
2026-08-01 07:02:50,842 [INFO]     Size: 5522 characters
2026-08-01 07:02:50,842 [INFO]   Processing: hdfc_elss_tax_saver_fund_direct_plan_growth.html
2026-08-01 07:02:50,842 [INFO]     Saved: hdfc_elss_tax_saver_fund_direct_plan_growth.json
2026-08-01 07:02:50,842 [INFO]     Size: 4706 characters
2026-08-01 07:02:50,842 [INFO]   
2026-08-01 07:02:50,842 [INFO]   ============================================================
2026-08-01 07:02:50,842 [INFO]   Processing Complete
2026-08-01 07:02:50,842 [INFO]   ============================================================
2026-08-01 07:02:50,843 [INFO]   Total files processed: 5
2026-08-01 07:02:50,843 [INFO]   Total original size: 2,105,113 characters
2026-08-01 07:02:50,843 [INFO]   Total cleaned size: 22,833 characters
2026-08-01 07:02:50,843 [INFO]   Reduction: 98.9%
2026-08-01 07:02:50,843 [INFO]   
2026-08-01 07:02:50,843 [INFO]   Extracted JSON files saved to: /home/runner/work/m2-mutualFunds-RAGchatbot/m2-mutualFunds-RAGchatbot/phase_2/scraped-data/extracted_json
2026-08-01 07:02:50,843 [INFO] ============================================================
2026-08-01 07:02:50,843 [INFO] STEP 3/4: Document Chunking
2026-08-01 07:02:50,843 [INFO] ============================================================
2026-08-01 07:02:50,843 [INFO] --- Starting: Chunking ---
2026-08-01 07:02:50,895 [INFO] Chunking completed in 0.05s
2026-08-01 07:02:50,895 [INFO]     Saved: hdfc_large_cap_fund_direct_growth_chunked.json
2026-08-01 07:02:50,895 [INFO]     Chunks: 4
2026-08-01 07:02:50,895 [INFO]     Valid chunks: 0
2026-08-01 07:02:50,895 [INFO]     Avg quality: 0.80
2026-08-01 07:02:50,896 [INFO]   
2026-08-01 07:02:50,896 [INFO]   ============================================================
2026-08-01 07:02:50,896 [INFO]   Processing Complete
2026-08-01 07:02:50,896 [INFO]   ============================================================
2026-08-01 07:02:50,896 [INFO]   Total files processed: 5
2026-08-01 07:02:50,896 [INFO]   Total chunks generated: 28
2026-08-01 07:02:50,896 [INFO]   Valid chunks: 1
2026-08-01 07:02:50,896 [INFO]   Invalid chunks: 27
2026-08-01 07:02:50,896 [INFO]   Average quality score: 0.81
2026-08-01 07:02:50,896 [INFO]   
2026-08-01 07:02:50,896 [INFO]   Chunked JSON files saved to: /home/runner/work/m2-mutualFunds-RAGchatbot/m2-mutualFunds-RAGchatbot/phase_2/scraped-data/chunked_json
2026-08-01 07:02:50,896 [INFO] ============================================================
2026-08-01 07:02:50,896 [INFO] STEP 4/4: Embedding Generation
2026-08-01 07:02:50,896 [INFO] ============================================================
2026-08-01 07:02:50,896 [INFO] --- Starting: Embedding ---
2026-08-01 07:02:52,071 [INFO] Embedding completed in 1.17s
2026-08-01 07:02:52,071 [INFO]   Processing: hdfc_elss_tax_saver_fund_direct_plan_growth_chunked.json
2026-08-01 07:02:52,071 [INFO]     Chunks processed: 6
2026-08-01 07:02:52,071 [INFO]     Embedding dim: 384
2026-08-01 07:02:52,071 [INFO]   Processing: hdfc_large_cap_fund_direct_growth_chunked.json
2026-08-01 07:02:52,071 [INFO]     Chunks processed: 4
2026-08-01 07:02:52,071 [INFO]     Embedding dim: 384
2026-08-01 07:02:52,071 [INFO]   
2026-08-01 07:02:52,071 [INFO]   ============================================================
2026-08-01 07:02:52,071 [INFO]   Processing Complete
2026-08-01 07:02:52,071 [INFO]   ============================================================
2026-08-01 07:02:52,072 [INFO]   Files processed: 5
2026-08-01 07:02:52,072 [INFO]   Total chunks indexed: 28
2026-08-01 07:02:52,072 [INFO]   Total vectors in DB: 29
2026-08-01 07:02:52,072 [INFO]   
2026-08-01 07:02:52,072 [INFO]   Vector database saved to: /home/runner/work/m2-mutualFunds-RAGchatbot/m2-mutualFunds-RAGchatbot/phase_3/vector_db
2026-08-01 07:02:52,072 [INFO] Report saved to /home/runner/work/m2-mutualFunds-RAGchatbot/m2-mutualFunds-RAGchatbot/logs/scheduler_report.json
2026-08-01 07:02:52,072 [INFO] ============================================================
2026-08-01 07:02:52,072 [INFO] ALL STEPS COMPLETE
2026-08-01 07:02:52,072 [INFO] ============================================================
