2026-07-25 06:38:50,532 [INFO] ============================================================
2026-07-25 06:38:50,532 [INFO] STEP 1/4: Web Scraping
2026-07-25 06:38:50,532 [INFO] ============================================================
2026-07-25 06:38:50,532 [INFO] --- Starting: Scraper ---
2026-07-25 06:38:51,864 [INFO] Scraper completed in 1.33s
2026-07-25 06:38:51,864 [INFO]   Total URLs: 5
2026-07-25 06:38:51,864 [INFO]   Successful: 5
2026-07-25 06:38:51,864 [INFO]   Failed: 0
2026-07-25 06:38:51,864 [INFO]   From Cache: 5
2026-07-25 06:38:51,865 [INFO]   ==================================================
2026-07-25 06:38:51,865 [INFO]   ✓ https://groww.in/mutual-funds/hdfc-mid-cap-fund-direct-growth
2026-07-25 06:38:51,865 [INFO]     Text length: 18899 characters
2026-07-25 06:38:51,865 [INFO]   ✓ https://groww.in/mutual-funds/hdfc-equity-fund-direct-growth
2026-07-25 06:38:51,865 [INFO]     Text length: 19088 characters
2026-07-25 06:38:51,865 [INFO]   ✓ https://groww.in/mutual-funds/hdfc-focused-fund-direct-growth
2026-07-25 06:38:51,865 [INFO]     Text length: 17095 characters
2026-07-25 06:38:51,865 [INFO]   ✓ https://groww.in/mutual-funds/hdfc-elss-tax-saver-fund-direct-plan-growth
2026-07-25 06:38:51,865 [INFO]     Text length: 18109 characters
2026-07-25 06:38:51,865 [INFO]   ✓ https://groww.in/mutual-funds/hdfc-large-cap-fund-direct-growth
2026-07-25 06:38:51,865 [INFO]     Text length: 17583 characters
2026-07-25 06:38:51,865 [INFO] ============================================================
2026-07-25 06:38:51,865 [INFO] STEP 2/4: Content Extraction
2026-07-25 06:38:51,865 [INFO] ============================================================
2026-07-25 06:38:51,865 [INFO] --- Starting: Content Extraction ---
2026-07-25 06:38:52,350 [INFO] Content Extraction completed in 0.48s
2026-07-25 06:38:52,350 [INFO]     Saved: hdfc_mid_cap_fund_direct_growth.json
2026-07-25 06:38:52,350 [INFO]     Size: 5521 characters
2026-07-25 06:38:52,350 [INFO]   Processing: hdfc_elss_tax_saver_fund_direct_plan_growth.html
2026-07-25 06:38:52,350 [INFO]     Saved: hdfc_elss_tax_saver_fund_direct_plan_growth.json
2026-07-25 06:38:52,350 [INFO]     Size: 4707 characters
2026-07-25 06:38:52,350 [INFO]   
2026-07-25 06:38:52,350 [INFO]   ============================================================
2026-07-25 06:38:52,350 [INFO]   Processing Complete
2026-07-25 06:38:52,350 [INFO]   ============================================================
2026-07-25 06:38:52,350 [INFO]   Total files processed: 5
2026-07-25 06:38:52,350 [INFO]   Total original size: 1,982,230 characters
2026-07-25 06:38:52,350 [INFO]   Total cleaned size: 22,833 characters
2026-07-25 06:38:52,350 [INFO]   Reduction: 98.8%
2026-07-25 06:38:52,351 [INFO]   
2026-07-25 06:38:52,351 [INFO]   Extracted JSON files saved to: /home/runner/work/m2-mutualFunds-RAGchatbot/m2-mutualFunds-RAGchatbot/phase_2/scraped-data/extracted_json
2026-07-25 06:38:52,351 [INFO] ============================================================
2026-07-25 06:38:52,351 [INFO] STEP 3/4: Document Chunking
2026-07-25 06:38:52,351 [INFO] ============================================================
2026-07-25 06:38:52,351 [INFO] --- Starting: Chunking ---
2026-07-25 06:38:52,405 [INFO] Chunking completed in 0.05s
2026-07-25 06:38:52,405 [INFO]     Saved: hdfc_large_cap_fund_direct_growth_chunked.json
2026-07-25 06:38:52,405 [INFO]     Chunks: 4
2026-07-25 06:38:52,405 [INFO]     Valid chunks: 0
2026-07-25 06:38:52,405 [INFO]     Avg quality: 0.80
2026-07-25 06:38:52,405 [INFO]   
2026-07-25 06:38:52,405 [INFO]   ============================================================
2026-07-25 06:38:52,405 [INFO]   Processing Complete
2026-07-25 06:38:52,405 [INFO]   ============================================================
2026-07-25 06:38:52,405 [INFO]   Total files processed: 5
2026-07-25 06:38:52,405 [INFO]   Total chunks generated: 28
2026-07-25 06:38:52,405 [INFO]   Valid chunks: 1
2026-07-25 06:38:52,405 [INFO]   Invalid chunks: 27
2026-07-25 06:38:52,405 [INFO]   Average quality score: 0.81
2026-07-25 06:38:52,405 [INFO]   
2026-07-25 06:38:52,405 [INFO]   Chunked JSON files saved to: /home/runner/work/m2-mutualFunds-RAGchatbot/m2-mutualFunds-RAGchatbot/phase_2/scraped-data/chunked_json
2026-07-25 06:38:52,405 [INFO] ============================================================
2026-07-25 06:38:52,405 [INFO] STEP 4/4: Embedding Generation
2026-07-25 06:38:52,406 [INFO] ============================================================
2026-07-25 06:38:52,406 [INFO] --- Starting: Embedding ---
2026-07-25 06:38:54,154 [INFO] Embedding completed in 1.75s
2026-07-25 06:38:54,155 [INFO]   Processing: hdfc_elss_tax_saver_fund_direct_plan_growth_chunked.json
2026-07-25 06:38:54,155 [INFO]     Chunks processed: 6
2026-07-25 06:38:54,155 [INFO]     Embedding dim: 384
2026-07-25 06:38:54,155 [INFO]   Processing: hdfc_large_cap_fund_direct_growth_chunked.json
2026-07-25 06:38:54,155 [INFO]     Chunks processed: 4
2026-07-25 06:38:54,155 [INFO]     Embedding dim: 384
2026-07-25 06:38:54,155 [INFO]   
2026-07-25 06:38:54,155 [INFO]   ============================================================
2026-07-25 06:38:54,155 [INFO]   Processing Complete
2026-07-25 06:38:54,155 [INFO]   ============================================================
2026-07-25 06:38:54,155 [INFO]   Files processed: 5
2026-07-25 06:38:54,155 [INFO]   Total chunks indexed: 28
2026-07-25 06:38:54,155 [INFO]   Total vectors in DB: 29
2026-07-25 06:38:54,155 [INFO]   
2026-07-25 06:38:54,155 [INFO]   Vector database saved to: /home/runner/work/m2-mutualFunds-RAGchatbot/m2-mutualFunds-RAGchatbot/phase_3/vector_db
2026-07-25 06:38:54,155 [INFO] Report saved to /home/runner/work/m2-mutualFunds-RAGchatbot/m2-mutualFunds-RAGchatbot/logs/scheduler_report.json
2026-07-25 06:38:54,156 [INFO] ============================================================
2026-07-25 06:38:54,156 [INFO] ALL STEPS COMPLETE
2026-07-25 06:38:54,156 [INFO] ============================================================
